Archive member included to satisfy reference by file (symbol)

C:/NXP/S32DS_ARM_v2018.R1/S32DS/arm32_ewl2/lib/thumb/v7e-m/fpv4-sp/hard\libc99.a(sprintf.o)
                              ./SDK/rtos/FreeRTOS_S32K/Source/tasks.o (sprintf)
C:/NXP/S32DS_ARM_v2018.R1/S32DS/arm32_ewl2/lib/thumb/v7e-m/fpv4-sp/hard\libc99.a(vsnprintf.o)
                              C:/NXP/S32DS_ARM_v2018.R1/S32DS/arm32_ewl2/lib/thumb/v7e-m/fpv4-sp/hard\libc99.a(sprintf.o) (vsnprintf)
C:/NXP/S32DS_ARM_v2018.R1/S32DS/arm32_ewl2/lib/thumb/v7e-m/fpv4-sp/hard\libc99.a(exit.o)
                              C:/NXP/S32DS_ARM_v2018.R1/S32DS/arm32_ewl2/lib/thumb/v7e-m/fpv4-sp/hard/__arm_start.o (exit)
C:/NXP/S32DS_ARM_v2018.R1/S32DS/arm32_ewl2/lib/thumb/v7e-m/fpv4-sp/hard\libc99.a(memcpy.o)
                              ./SDK/rtos/FreeRTOS_S32K/Source/stream_buffer.o (memcpy)
C:/NXP/S32DS_ARM_v2018.R1/S32DS/arm32_ewl2/lib/thumb/v7e-m/fpv4-sp/hard\libc99.a(memset.o)
                              C:/NXP/S32DS_ARM_v2018.R1/S32DS/arm32_ewl2/lib/thumb/v7e-m/fpv4-sp/hard/__arm_start.o (memset)
C:/NXP/S32DS_ARM_v2018.R1/S32DS/arm32_ewl2/lib/thumb/v7e-m/fpv4-sp/hard\libc99.a(strcpy.o)
                              ./SDK/rtos/FreeRTOS_S32K/Source/tasks.o (strcpy)
C:/NXP/S32DS_ARM_v2018.R1/S32DS/arm32_ewl2/lib/thumb/v7e-m/fpv4-sp/hard\libc99.a(strlen.o)
                              ./SDK/rtos/FreeRTOS_S32K/Source/tasks.o (strlen)
C:/NXP/S32DS_ARM_v2018.R1/S32DS/arm32_ewl2/lib/thumb/v7e-m/fpv4-sp/hard\libc99.a(fgetwc.o)
                              C:/NXP/S32DS_ARM_v2018.R1/S32DS/arm32_ewl2/lib/thumb/v7e-m/fpv4-sp/hard\libc99.a(sprintf.o) (getwc)
C:/NXP/S32DS_ARM_v2018.R1/S32DS/arm32_ewl2/lib/thumb/v7e-m/fpv4-sp/hard\libc99.a(__wgetchar.o)
                              C:/NXP/S32DS_ARM_v2018.R1/S32DS/arm32_ewl2/lib/thumb/v7e-m/fpv4-sp/hard\libc99.a(fgetwc.o) (__fgetwc)
C:/NXP/S32DS_ARM_v2018.R1/S32DS/arm32_ewl2/lib/thumb/v7e-m/fpv4-sp/hard\libc99.a(__printformat.o)
                              C:/NXP/S32DS_ARM_v2018.R1/S32DS/arm32_ewl2/lib/thumb/v7e-m/fpv4-sp/hard\libc99.a(vsnprintf.o) (__pformatter)
C:/NXP/S32DS_ARM_v2018.R1/S32DS/arm32_ewl2/lib/thumb/v7e-m/fpv4-sp/hard\libc99.a(ctype_aeabi.o)
                              C:/NXP/S32DS_ARM_v2018.R1/S32DS/arm32_ewl2/lib/thumb/v7e-m/fpv4-sp/hard\libc99.a(__printformat.o) (isupper)
C:/NXP/S32DS_ARM_v2018.R1/S32DS/arm32_ewl2/lib/thumb/v7e-m/fpv4-sp/hard\libc99.a(secure_error.o)
                              C:/NXP/S32DS_ARM_v2018.R1/S32DS/arm32_ewl2/lib/thumb/v7e-m/fpv4-sp/hard\libc99.a(__printformat.o) (__ewl_runtime_constraint_violation_s)
C:/NXP/S32DS_ARM_v2018.R1/S32DS/arm32_ewl2/lib/thumb/v7e-m/fpv4-sp/hard\libc99.a(ansi_files.o)
                              C:/NXP/S32DS_ARM_v2018.R1/S32DS/arm32_ewl2/lib/thumb/v7e-m/fpv4-sp/hard\libc99.a(sprintf.o) (__files)
C:/NXP/S32DS_ARM_v2018.R1/S32DS/arm32_ewl2/lib/thumb/v7e-m/fpv4-sp/hard\libc99.a(fflush.o)
                              C:/NXP/S32DS_ARM_v2018.R1/S32DS/arm32_ewl2/lib/thumb/v7e-m/fpv4-sp/hard\libc99.a(ansi_files.o) (fflush)
C:/NXP/S32DS_ARM_v2018.R1/S32DS/arm32_ewl2/lib/thumb/v7e-m/fpv4-sp/hard\libc99.a(fread.o)
                              C:/NXP/S32DS_ARM_v2018.R1/S32DS/arm32_ewl2/lib/thumb/v7e-m/fpv4-sp/hard\libc99.a(__wgetchar.o) (__fread)
C:/NXP/S32DS_ARM_v2018.R1/S32DS/arm32_ewl2/lib/thumb/v7e-m/fpv4-sp/hard\libc99.a(abort.o)
                              C:/NXP/S32DS_ARM_v2018.R1/S32DS/arm32_ewl2/lib/thumb/v7e-m/fpv4-sp/hard\libc99.a(secure_error.o) (abort)
C:/NXP/S32DS_ARM_v2018.R1/S32DS/arm32_ewl2/lib/thumb/v7e-m/fpv4-sp/hard\libc99.a(mbstowcs_s.o)
                              C:/NXP/S32DS_ARM_v2018.R1/S32DS/arm32_ewl2/lib/thumb/v7e-m/fpv4-sp/hard\libc99.a(__printformat.o) (wcstombs)
C:/NXP/S32DS_ARM_v2018.R1/S32DS/arm32_ewl2/lib/thumb/v7e-m/fpv4-sp/hard\libc99.a(mbtowc.o)
                              C:/NXP/S32DS_ARM_v2018.R1/S32DS/arm32_ewl2/lib/thumb/v7e-m/fpv4-sp/hard\libc99.a(__wgetchar.o) (mbtowc)
C:/NXP/S32DS_ARM_v2018.R1/S32DS/arm32_ewl2/lib/thumb/v7e-m/fpv4-sp/hard\libc99.a(wctomb.o)
                              C:/NXP/S32DS_ARM_v2018.R1/S32DS/arm32_ewl2/lib/thumb/v7e-m/fpv4-sp/hard\libc99.a(mbstowcs_s.o) (wctomb)
C:/NXP/S32DS_ARM_v2018.R1/S32DS/arm32_ewl2/lib/thumb/v7e-m/fpv4-sp/hard\libc99.a(__filll_mem.o)
                              C:/NXP/S32DS_ARM_v2018.R1/S32DS/arm32_ewl2/lib/thumb/v7e-m/fpv4-sp/hard\libc99.a(memset.o) (__fill_mem)
C:/NXP/S32DS_ARM_v2018.R1/S32DS/arm32_ewl2/lib/thumb/v7e-m/fpv4-sp/hard\libc99.a(memchr.o)
                              C:/NXP/S32DS_ARM_v2018.R1/S32DS/arm32_ewl2/lib/thumb/v7e-m/fpv4-sp/hard\libc99.a(__printformat.o) (memchr)
C:/NXP/S32DS_ARM_v2018.R1/S32DS/arm32_ewl2/lib/thumb/v7e-m/fpv4-sp/hard\libc99.a(strchr.o)
                              C:/NXP/S32DS_ARM_v2018.R1/S32DS/arm32_ewl2/lib/thumb/v7e-m/fpv4-sp/hard\libc99.a(__printformat.o) (strchr)
C:/NXP/S32DS_ARM_v2018.R1/S32DS/arm32_ewl2/lib/thumb/v7e-m/fpv4-sp/hard\libc99.a(strncpy.o)
[...]
Memory Configuration

Name             Origin             Length             Attributes
m_interrupts     0x00000000         0x00000400         xr
m_flash_config   0x00000400         0x00000010         xr
m_text           0x00000410         0x000ffbf0         xr
m_data           0x1fff0000         0x00010000         rw
m_data_2         0x20000000         0x0000f000         rw
*default*        0x00000000         0xffffffff

Linker script and memory map

LOAD C:/NXP/S32DS_ARM_v2018.R1/S32DS/arm32_ewl2/lib/thumb/v7e-m/fpv4-sp/hard/__arm_start.o
LOAD ./Sources/rtos.o
LOAD ./Sources/main.o
LOAD ./Sources/BoardDriver.o
LOAD ./SDK/rtos/osif/osif_freertos.o
LOAD ./SDK/rtos/FreeRTOS_S32K/Source/portable/MemMang/heap_2.o
LOAD ./SDK/rtos/FreeRTOS_S32K/Source/portable/GCC/ARM_CM4F/port.o
LOAD ./SDK/rtos/FreeRTOS_S32K/Source/timers.o
LOAD ./SDK/rtos/FreeRTOS_S32K/Source/tasks.o
LOAD ./SDK/rtos/FreeRTOS_S32K/Source/stream_buffer.o
LOAD ./SDK/rtos/FreeRTOS_S32K/Source/queue.o
LOAD ./SDK/rtos/FreeRTOS_S32K/Source/list.o
LOAD ./SDK/rtos/FreeRTOS_S32K/Source/event_groups.o
LOAD ./SDK/rtos/FreeRTOS_S32K/Source/croutine.o
LOAD ./SDK/platform/pal/src/wdg/wdg_pal.o
LOAD ./SDK/platform/pal/src/uart/uart_pal.o
LOAD ./SDK/platform/pal/src/timing/timing_pal.o
LOAD ./SDK/platform/pal/src/timing/timing_irq.o
LOAD ./SDK/platform/pal/src/spi/spi_pal.o
LOAD ./SDK/platform/pal/src/pwm/pwm_pal.o
LOAD ./SDK/platform/pal/src/ic/ic_pal.o
LOAD ./SDK/platform/pal/src/ic/ic_irq.o
LOAD ./SDK/platform/pal/src/i2c/i2c_pal.o
LOAD ./SDK/platform/pal/src/can/can_pal.o
LOAD ./SDK/platform/pal/src/adc/adc_pal.o
LOAD ./SDK/platform/pal/src/adc/adc_irq.o
LOAD ./SDK/platform/drivers/src/wdog/wdog_hw_access.o
LOAD ./SDK/platform/drivers/src/wdog/wdog_driver.o
LOAD ./SDK/platform/drivers/src/trgmux/trgmux_hw_access.o
LOAD ./SDK/platform/drivers/src/trgmux/trgmux_driver.o
LOAD ./SDK/platform/drivers/src/pins/pins_port_hw_access.o
LOAD ./SDK/platform/drivers/src/pins/pins_driver.o
LOAD ./SDK/platform/drivers/src/pdb/pdb_hw_access.o
LOAD ./SDK/platform/drivers/src/pdb/pdb_driver.o
LOAD ./SDK/platform/drivers/src/lpuart/lpuart_irq.o
LOAD ./SDK/platform/drivers/src/lpuart/lpuart_hw_access.o
LOAD ./SDK/platform/drivers/src/lpuart/lpuart_driver.o
LOAD ./SDK/platform/drivers/src/lptmr/lptmr_hw_access.o
LOAD ./SDK/platform/drivers/src/lptmr/lptmr_driver.o
LOAD ./SDK/platform/drivers/src/lpspi/lpspi_slave_driver.o
LOAD ./SDK/platform/drivers/src/lpspi/lpspi_shared_function.o
LOAD ./SDK/platform/drivers/src/lpspi/lpspi_master_driver.o
LOAD ./SDK/platform/drivers/src/lpspi/lpspi_irq.o
LOAD ./SDK/platform/drivers/src/lpspi/lpspi_hw_access.o
LOAD ./SDK/platform/drivers/src/lpit/lpit_driver.o
LOAD ./SDK/platform/drivers/src/lpi2c/lpi2c_irq.o
LOAD ./SDK/platform/drivers/src/lpi2c/lpi2c_hw_access.o
LOAD ./SDK/platform/drivers/src/lpi2c/lpi2c_driver.o
LOAD ./SDK/platform/drivers/src/interrupt/interrupt_manager.o
LOAD ./SDK/platform/drivers/src/ftm/ftm_pwm_driver.o
LOAD ./SDK/platform/drivers/src/ftm/ftm_oc_driver.o
LOAD ./SDK/platform/drivers/src/ftm/ftm_mc_driver.o
LOAD ./SDK/platform/drivers/src/ftm/ftm_ic_driver.o
LOAD ./SDK/platform/drivers/src/ftm/ftm_hw_access.o
LOAD ./SDK/platform/drivers/src/ftm/ftm_common.o
LOAD ./SDK/platform/drivers/src/flexio/flexio_spi_driver.o
LOAD ./SDK/platform/drivers/src/flexio/flexio_common.o
LOAD ./SDK/platform/drivers/src/flexcan/flexcan_irq.o
LOAD ./SDK/platform/drivers/src/flexcan/flexcan_hw_access.o
LOAD ./SDK/platform/drivers/src/flexcan/flexcan_driver.o
LOAD ./SDK/platform/drivers/src/ewm/ewm_driver.o
LOAD ./SDK/platform/drivers/src/edma/edma_irq.o
LOAD ./SDK/platform/drivers/src/edma/edma_hw_access.o
LOAD ./SDK/platform/drivers/src/edma/edma_driver.o
LOAD ./SDK/platform/drivers/src/clock/S32K1xx/clock_S32K1xx.o
LOAD ./SDK/platform/drivers/src/adc/adc_driver.o
LOAD ./SDK/platform/devices/startup.o
LOAD ./SDK/platform/devices/S32K146/startup/system_S32K146.o
LOAD ./Project_Settings/Startup_Code/startup_S32K146.o
LOAD ./Generated_Code/wdg_pal2.o
LOAD ./Generated_Code/wdg_pal1.o
LOAD ./Generated_Code/uart_pal3.o
LOAD ./Generated_Code/uart_pal2.o
LOAD ./Generated_Code/uart_pal1.o
LOAD ./Generated_Code/timing_pal4.o
LOAD ./Generated_Code/timing_pal3.o
LOAD ./Generated_Code/timing_pal2.o
LOAD ./Generated_Code/timing_pal1.o
LOAD ./Generated_Code/spi4.o
LOAD ./Generated_Code/spi3.o
LOAD ./Generated_Code/spi2.o
LOAD ./Generated_Code/spi1.o
LOAD ./Generated_Code/pwm_pal1.o
LOAD ./Generated_Code/pin_mux.o
LOAD ./Generated_Code/ic_pal1.o
LOAD ./Generated_Code/i2c1.o
LOAD ./Generated_Code/dmaController1.o
LOAD ./Generated_Code/clockMan1.o
LOAD ./Generated_Code/can_pal3.o
LOAD ./Generated_Code/can_pal2.o
LOAD ./Generated_Code/can_pal1.o
LOAD ./Generated_Code/adc_pal2.o
LOAD ./Generated_Code/adc_pal1.o
LOAD ./Generated_Code/Cpu.o
START GROUP
LOAD C:/NXP/S32DS_ARM_v2018.R1/S32DS/arm32_ewl2/lib/thumb/v7e-m/fpv4-sp/hard\libc99.a
LOAD C:/NXP/S32DS_ARM_v2018.R1/S32DS/arm32_ewl2/lib/thumb/v7e-m/fpv4-sp/hard\libm.a
LOAD c:/nxp/s32ds_arm_v2018.r1/cross_tools/gcc-6.3-arm32-eabi/bin/../lib/gcc/arm-none-eabi/6.3.1/thumb/v7e-m/fpv4-sp/hard\libgcc.a
LOAD C:/NXP/S32DS_ARM_v2018.R1/S32DS/arm32_ewl2/lib/thumb/v7e-m/fpv4-sp/hard\librt.a
LOAD C:/NXP/S32DS_ARM_v2018.R1/S32DS/arm32_ewl2/lib/thumb/v7e-m/fpv4-sp/hard\libnoio.a
END GROUP
LOAD C:/NXP/S32DS_ARM_v2018.R1/S32DS/arm32_ewl2/lib/thumb/v7e-m/fpv4-sp/hard/__arm_end.o
                0x00000400                HEAP_SIZE = DEFINED (__heap_size__)?__heap_size__:0x400
                0x00000400                STACK_SIZE = DEFINED (__stack_size__)?__stack_size__:0x400
                0x00000400                M_VECTOR_RAM_SIZE = DEFINED (__flash_vector_table__)?0x0:0x400

.interrupts     0x00000000      0x400
                0x00000000                __VECTOR_TABLE = .
                0x00000000                __interrupts_start__ = .
                0x00000000                . = ALIGN (0x4)
 *(.isr_vector)
 .isr_vector    0x00000000      0x400 ./Project_Settings/Startup_Code/startup_S32K146.o
                0x00000000                __isr_vector
                0x00000400                __interrupts_end__ = .
                0x00000400                . = ALIGN (0x4)

.flash_config   0x00000400       0x10
                0x00000400                . = ALIGN (0x4)
 *(.FlashConfig)
 .FlashConfig   0x00000400       0x10 ./Project_Settings/Startup_Code/startup_S32K146.o
                0x00000410                . = ALIGN (0x4)

.text           0x00000410    0x1a01c
                0x00000410                . = ALIGN (0x4)
 *(.text)
 .text          0x00000410       0x6c ./Project_Settings/Startup_Code/startup_S32K146.o
                0x00000410                Reset_Handler
                0x00000478                DebugMon_Handler
                0x00000478                Reserved88_IRQHandler
                0x00000478                HardFault_Handler
                0x00000478                Reserved86_IRQHandler
                0x00000478                Reserved103_IRQHandler
                0x00000478                FTM2_Ovf_Reload_IRQHandler
                0x00000478                Reserved50_IRQHandler
                0x00000478                FTFC_Fault_IRQHandler
                0x00000478                Reserved114_IRQHandler
                0x00000478                NMI_Handler
                0x00000478                Reserved89_IRQHandler
                0x00000478                ERM_double_fault_IRQHandler
                0x00000478                Reserved59_IRQHandler
                0x00000478                Reserved99_IRQHandler
                0x00000478                Reserved92_IRQHandler
                0x00000478                SWI_IRQHandler
                0x00000478                UsageFault_Handler
                0x00000478                FTM0_Ovf_Reload_IRQHandler
                0x00000478                FTM4_Fault_IRQHandler
                0x00000478                DefaultISR
                0x00000478                Reserved58_IRQHandler
                0x00000478                Reserved82_IRQHandler
                0x00000478                Reserved71_IRQHandler
                0x00000478                PORTD_IRQHandler
                0x00000478                Reserved69_IRQHandler
                0x00000478                PORTB_IRQHandler
                0x00000478                Reserved70_IRQHandler
                0x00000478                Reserved53_IRQHandler
                0x00000478                RTC_IRQHandler
                0x00000478                PDB0_IRQHandler
                0x00000478                Reserved54_IRQHandler
                0x00000478                LPUART1_RxTx_IRQHandler
                0x00000478                FTM4_Ovf_Reload_IRQHandler
                0x00000478                RTC_Seconds_IRQHandler
                0x00000478                Reserved72_IRQHandler
                0x00000478                Reserved110_IRQHandler
                0x00000478                Reserved107_IRQHandler
                0x00000478                Read_Collision_IRQHandler
                0x00000478                FTFC_IRQHandler
                0x00000478                FTM5_Fault_IRQHandler
                0x00000478                FTM3_Ovf_Reload_IRQHandler
                0x00000478                LPUART2_RxTx_IRQHandler
                0x00000478                WDOG_EWM_IRQHandler
                0x00000478                MemManage_Handler
                0x00000478                Reserved90_IRQHandler
                0x00000478                Reserved83_IRQHandler
                0x00000478                FTM0_Fault_IRQHandler
                0x00000478                Reserved48_IRQHandler
                0x00000478                ERM_single_fault_IRQHandler
                0x00000478                FTM2_Fault_IRQHandler
                0x00000478                FTM5_Ovf_Reload_IRQHandler
                0x00000478                FTM3_Fault_IRQHandler
                0x00000478                RCM_IRQHandler
                0x00000478                Reserved100_IRQHandler
                0x00000478                Reserved91_IRQHandler
                0x00000478                SCG_IRQHandler
                0x00000478                PDB1_IRQHandler
                0x00000478                Reserved81_IRQHandler
                0x00000478                Reserved46_IRQHandler
                0x00000478                Reserved45_IRQHandler
                0x00000478                Reserved112_IRQHandler
                0x00000478                FTM1_Fault_IRQHandler
                0x00000478                Reserved106_IRQHandler
                0x00000478                LVD_LVW_IRQHandler
                0x00000478                PORTA_IRQHandler
                0x00000478                MCM_IRQHandler
                0x00000478                PORTE_IRQHandler
                0x00000478                LPUART0_RxTx_IRQHandler
                0x00000478                BusFault_Handler
                0x00000478                Reserved87_IRQHandler
                0x00000478                FTM1_Ovf_Reload_IRQHandler
                0x00000478                Reserved93_IRQHandler
                0x00000478                CMP0_IRQHandler
                0x00000478                Reserved52_IRQHandler
                0x00000478                PORTC_IRQHandler
                0x00000478                Reserved113_IRQHandler
 .text          0x0000047c       0x30 c:/nxp/s32ds_arm_v2018.r1/cross_tools/gcc-6.3-arm32-eabi/bin/../lib/gcc/arm-none-eabi/6.3.1/thumb/v7e-m/fpv4-sp/hard\libgcc.a(_aeabi_uldivmod.o)
                0x0000047c                __aeabi_uldivmod
 .text          0x000004ac      0x2e4 c:/nxp/s32ds_arm_v2018.r1/cross_tools/gcc-6.3-arm32-eabi/bin/../lib/gcc/arm-none-eabi/6.3.1/thumb/v7e-m/fpv4-sp/hard\libgcc.a(_udivmoddi4.o)
                0x000004ac                __udivmoddi4
 .text          0x00000790        0x4 c:/nxp/s32ds_arm_v2018.r1/cross_tools/gcc-6.3-arm32-eabi/bin/../lib/gcc/arm-none-eabi/6.3.1/thumb/v7e-m/fpv4-sp/hard\libgcc.a(_dvmd_tls.o)
                0x00000790                __aeabi_idiv0
                0x00000790                __aeabi_ldiv0
 *(.text*)
 .text.prvQueueSendTask
                0x00000794       0x38 ./Sources/rtos.o
 .text.prvQueueReceiveTask
                0x000007cc       0x34 ./Sources/rtos.o
 .text.SPIMasterTask
                0x00000800       0x4c ./Sources/rtos.o
 .text.rtos_start
                0x0000084c       0x7c ./Sources/rtos.o
                0x0000084c                rtos_start
 .text.vApplicationMallocFailedHook
                0x000008c8       0x1a ./Sources/rtos.o
                0x000008c8                vApplicationMallocFailedHook
 .text.vApplicationStackOverflowHook
                0x000008e2       0x1e ./Sources/rtos.o
                0x000008e2                vApplicationStackOverflowHook
 .text.vApplicationIdleHook
                0x00000900       0x18 ./Sources/rtos.o
                0x00000900                vApplicationIdleHook
 .text.vApplicationTickHook
                0x00000918        0xe ./Sources/rtos.o
                0x00000918                vApplicationTickHook
 .text.DevAssert
                0x00000926       0x22 ./Sources/main.o
 .text.TimeDelay
                0x00000948       0x3a ./Sources/main.o
                0x00000948                TimeDelay
 *fill*         0x00000982        0x6 
 .text.main     0x00000988      0x18c ./Sources/main.o
                0x00000988                main
 .text.DevAssert
                0x00000b14       0x22 ./Sources/BoardDriver.o
 *fill*         0x00000b36        0x2 
 .text.boardSetup
                0x00000b38       0x8c ./Sources/BoardDriver.o
 .text.prvSetupHardware
                0x00000bc4      0x218 ./Sources/BoardDriver.o
                0x00000bc4                prvSetupHardware
 .text.PCS_rxCallback
                0x00000ddc       0x70 ./Sources/BoardDriver.o
                0x00000ddc                PCS_rxCallback
 .text.LCD_rxCallback
                0x00000e4c       0x70 ./Sources/BoardDriver.o
                0x00000e4c                LCD_rxCallback
 .text.EMS_rxCallback
                0x00000ebc       0x70 ./Sources/BoardDriver.o
                0x00000ebc                EMS_rxCallback
 .text.PwmInputCapture_Callback
                0x00000f2c       0x2c ./Sources/BoardDriver.o
                0x00000f2c                PwmInputCapture_Callback
 .text.timing_pal1_FTM1_callBack0
                0x00000f58       0x20 ./Sources/BoardDriver.o
                0x00000f58                timing_pal1_FTM1_callBack0
 .text.timing_pal2_FTM3_callBack0
                0x00000f78       0x20 ./Sources/BoardDriver.o
                0x00000f78                timing_pal2_FTM3_callBack0
 .text.timing_pal1_LPTI0_callBack0
                0x00000f98       0x20 ./Sources/BoardDriver.o
                0x00000f98                timing_pal1_LPTI0_callBack0
 .text.timing_pal1_LPTMR0_callBack0
                0x00000fb8       0x20 ./Sources/BoardDriver.o
                0x00000fb8                timing_pal1_LPTMR0_callBack0
 .text.DevAssert
                0x00000fd8       0x22 ./SDK/rtos/osif/osif_freertos.o
 .text.osif_IsIsrContext
                0x00000ffa       0x30 ./SDK/rtos/osif/osif_freertos.o
 *fill*         0x0000102a        0x2 
 .text.OSIF_TimeDelay
                0x0000102c       0x2c ./SDK/rtos/osif/osif_freertos.o
                0x0000102c                OSIF_TimeDelay
 .text.OSIF_MutexLock
                0x00001058       0x84 ./SDK/rtos/osif/osif_freertos.o
                0x00001058                OSIF_MutexLock
 .text.OSIF_MutexUnlock
                0x000010dc       0x5e ./SDK/rtos/osif/osif_freertos.o
                0x000010dc                OSIF_MutexUnlock
 .text.OSIF_MutexCreate
                0x0000113a       0x34 ./SDK/rtos/osif/osif_freertos.o
                0x0000113a                OSIF_MutexCreate
 *fill*         0x0000116e        0x2 
 .text.OSIF_SemaPost
                0x00001170       0x8c ./SDK/rtos/osif/osif_freertos.o
                0x00001170                OSIF_SemaPost
 .text.OSIF_SemaCreate
                0x000011fc       0x48 ./SDK/rtos/osif/osif_freertos.o
                0x000011fc                OSIF_SemaCreate
 .text.OSIF_SemaDestroy
                0x00001244       0x42 ./SDK/rtos/osif/osif_freertos.o
                0x00001244                OSIF_SemaDestroy
 *fill*         0x00001286        0x2 
 .text.pvPortMalloc
                0x00001288      0x124 ./SDK/rtos/FreeRTOS_S32K/Source/portable/MemMang/heap_2.o
                0x00001288                pvPortMalloc
 .text.vPortFree
                0x000013ac       0x74 ./SDK/rtos/FreeRTOS_S32K/Source/portable/MemMang/heap_2.o
                0x000013ac                vPortFree
 .text.xPortGetFreeHeapSize
                0x00001420       0x18 ./SDK/rtos/FreeRTOS_S32K/Source/portable/MemMang/heap_2.o
                0x00001420                xPortGetFreeHeapSize
 .text.prvHeapInit
                0x00001438       0x54 ./SDK/rtos/FreeRTOS_S32K/Source/portable/MemMang/heap_2.o
 .text.pxPortInitialiseStack
                0x0000148c       0x68 ./SDK/rtos/FreeRTOS_S32K/Source/portable/GCC/ARM_CM4F/port.o
                0x0000148c                pxPortInitialiseStack
 .text.prvTaskExitError
                0x000014f4       0x54 ./SDK/rtos/FreeRTOS_S32K/Source/portable/GCC/ARM_CM4F/port.o
 *fill*         0x00001548        0x8 
 .text.SVC_Handler
                0x00001550       0x28 ./SDK/rtos/FreeRTOS_S32K/Source/portable/GCC/ARM_CM4F/port.o
                0x00001550                SVC_Handler
 .text.prvPortStartFirstTask
                0x00001578       0x28 ./SDK/rtos/FreeRTOS_S32K/Source/portable/GCC/ARM_CM4F/port.o
 .text.xPortStartScheduler
                0x000015a0      0x13c ./SDK/rtos/FreeRTOS_S32K/Source/portable/GCC/ARM_CM4F/port.o
                0x000015a0                xPortStartScheduler
 .text.vPortEnterCritical
                0x000016dc       0x5c ./SDK/rtos/FreeRTOS_S32K/Source/portable/GCC/ARM_CM4F/port.o
                0x000016dc                vPortEnterCritical
 .text.vPortExitCritical
                0x00001738       0x50 ./SDK/rtos/FreeRTOS_S32K/Source/portable/GCC/ARM_CM4F/port.o
                0x00001738                vPortExitCritical
 *fill*         0x00001788        0x8 
 .text.PendSV_Handler
                0x00001790       0x68 ./SDK/rtos/FreeRTOS_S32K/Source/portable/GCC/ARM_CM4F/port.o
                0x00001790                PendSV_Handler
 .text.SysTick_Handler
                0x000017f8       0x40 ./SDK/rtos/FreeRTOS_S32K/Source/portable/GCC/ARM_CM4F/port.o
                0x000017f8                SysTick_Handler
 .text.vPortSetupTimerInterrupt
                0x00001838       0x38 ./SDK/rtos/FreeRTOS_S32K/Source/portable/GCC/ARM_CM4F/port.o
                0x00001838                vPortSetupTimerInterrupt
 .text.vPortEnableVFP
                0x00001870       0x14 ./SDK/rtos/FreeRTOS_S32K/Source/portable/GCC/ARM_CM4F/port.o
 .text.vPortValidateInterruptPriority
                0x00001884       0x7c ./SDK/rtos/FreeRTOS_S32K/Source/portable/GCC/ARM_CM4F/port.o
                0x00001884                vPortValidateInterruptPriority
 .text.xTimerCreateTimerTask
                0x00001900       0x60 ./SDK/rtos/FreeRTOS_S32K/Source/timers.o
                0x00001900                xTimerCreateTimerTask
 .text.xTimerGenericCommand
                0x00001960       0x98 ./SDK/rtos/FreeRTOS_S32K/Source/timers.o
                0x00001960                xTimerGenericCommand
 .text.prvProcessExpiredTimer
                0x000019f8       0x80 ./SDK/rtos/FreeRTOS_S32K/Source/timers.o
 .text.prvTimerTask
                0x00001a78       0x24 ./SDK/rtos/FreeRTOS_S32K/Source/timers.o
 .text.prvProcessTimerOrBlockTask
                0x00001a9c       0x9c ./SDK/rtos/FreeRTOS_S32K/Source/timers.o
 .text.prvGetNextExpireTime
                0x00001b38       0x48 ./SDK/rtos/FreeRTOS_S32K/Source/timers.o
 .text.prvSampleTimeNow
                0x00001b80       0x40 ./SDK/rtos/FreeRTOS_S32K/Source/timers.o
 .text.prvInsertTimerInActiveList
                0x00001bc0       0x84 ./SDK/rtos/FreeRTOS_S32K/Source/timers.o
 .text.prvProcessReceivedCommands
                0x00001c44      0x154 ./SDK/rtos/FreeRTOS_S32K/Source/timers.o
 .text.prvSwitchTimerLists
                0x00001d98       0xc0 ./SDK/rtos/FreeRTOS_S32K/Source/timers.o
 .text.prvCheckForValidListAndQueue
                0x00001e58       0x6c ./SDK/rtos/FreeRTOS_S32K/Source/timers.o
 .text.xTaskCreate
                0x00001ec4       0x82 ./SDK/rtos/FreeRTOS_S32K/Source/tasks.o
                0x00001ec4                xTaskCreate
 .text.prvInitialiseNewTask
                0x00001f46      0x114 ./SDK/rtos/FreeRTOS_S32K/Source/tasks.o
 *fill*         0x0000205a        0x2 
 .text.prvAddNewTaskToReadyList
                0x0000205c       0xdc ./SDK/rtos/FreeRTOS_S32K/Source/tasks.o
 .text.vTaskDelayUntil
                0x00002138       0xf4 ./SDK/rtos/FreeRTOS_S32K/Source/tasks.o
                0x00002138                vTaskDelayUntil
 .text.vTaskDelay
                0x0000222c       0x68 ./SDK/rtos/FreeRTOS_S32K/Source/tasks.o
                0x0000222c                vTaskDelay
 .text.vTaskStartScheduler
                0x00002294       0x98 ./SDK/rtos/FreeRTOS_S32K/Source/tasks.o
                0x00002294                vTaskStartScheduler
 .text.vTaskSuspendAll
                0x0000232c       0x1c ./SDK/rtos/FreeRTOS_S32K/Source/tasks.o
                0x0000232c                vTaskSuspendAll
 .text.xTaskResumeAll
                0x00002348      0x138 ./SDK/rtos/FreeRTOS_S32K/Source/tasks.o
                0x00002348                xTaskResumeAll
 .text.xTaskGetTickCount
                0x00002480       0x20 ./SDK/rtos/FreeRTOS_S32K/Source/tasks.o
                0x00002480                xTaskGetTickCount
 .text.xTaskIncrementTick
                0x000024a0      0x188 ./SDK/rtos/FreeRTOS_S32K/Source/tasks.o
                0x000024a0                xTaskIncrementTick
 .text.vTaskSwitchContext
                0x00002628      0x100 ./SDK/rtos/FreeRTOS_S32K/Source/tasks.o
                0x00002628                vTaskSwitchContext
 .text.vTaskPlaceOnEventList
                0x00002728       0x48 ./SDK/rtos/FreeRTOS_S32K/Source/tasks.o
                0x00002728                vTaskPlaceOnEventList
 .text.vTaskPlaceOnEventListRestricted
                0x00002770       0x54 ./SDK/rtos/FreeRTOS_S32K/Source/tasks.o
                0x00002770                vTaskPlaceOnEventListRestricted
 .text.xTaskRemoveFromEventList
                0x000027c4       0xc4 ./SDK/rtos/FreeRTOS_S32K/Source/tasks.o
                0x000027c4                xTaskRemoveFromEventList
 .text.vTaskInternalSetTimeOutState
                0x00002888       0x2c ./SDK/rtos/FreeRTOS_S32K/Source/tasks.o
                0x00002888                vTaskInternalSetTimeOutState
 .text.xTaskCheckForTimeOut
                0x000028b4       0xe0 ./SDK/rtos/FreeRTOS_S32K/Source/tasks.o
                0x000028b4                xTaskCheckForTimeOut
 .text.vTaskMissedYield
                0x00002994       0x18 ./SDK/rtos/FreeRTOS_S32K/Source/tasks.o
                0x00002994                vTaskMissedYield
 .text.prvIdleTask
                0x000029ac       0x34 ./SDK/rtos/FreeRTOS_S32K/Source/tasks.o
 .text.prvInitialiseTaskLists
                0x000029e0       0x80 ./SDK/rtos/FreeRTOS_S32K/Source/tasks.o
 .text.prvCheckTasksWaitingTermination
                0x00002a60       0x58 ./SDK/rtos/FreeRTOS_S32K/Source/tasks.o
 .text.prvDeleteTCB
                0x00002ab8       0x20 ./SDK/rtos/FreeRTOS_S32K/Source/tasks.o
 .text.prvResetNextTaskUnblockTime
                0x00002ad8       0x4c ./SDK/rtos/FreeRTOS_S32K/Source/tasks.o
 .text.xTaskGetCurrentTaskHandle
                0x00002b24       0x20 ./SDK/rtos/FreeRTOS_S32K/Source/tasks.o
                0x00002b24                xTaskGetCurrentTaskHandle
 .text.xTaskGetSchedulerState
                0x00002b44       0x3c ./SDK/rtos/FreeRTOS_S32K/Source/tasks.o
                0x00002b44                xTaskGetSchedulerState
 .text.xTaskPriorityInherit
                0x00002b80      0x10c ./SDK/rtos/FreeRTOS_S32K/Source/tasks.o
                0x00002b80                xTaskPriorityInherit
 .text.xTaskPriorityDisinherit
                0x00002c8c      0x108 ./SDK/rtos/FreeRTOS_S32K/Source/tasks.o
                0x00002c8c                xTaskPriorityDisinherit
 .text.vTaskPriorityDisinheritAfterTimeout
                0x00002d94      0x13c ./SDK/rtos/FreeRTOS_S32K/Source/tasks.o
                0x00002d94                vTaskPriorityDisinheritAfterTimeout
 .text.pvTaskIncrementMutexHeldCount
                0x00002ed0       0x28 ./SDK/rtos/FreeRTOS_S32K/Source/tasks.o
                0x00002ed0                pvTaskIncrementMutexHeldCount
 .text.prvAddCurrentTaskToDelayedList
                0x00002ef8       0xd4 ./SDK/rtos/FreeRTOS_S32K/Source/tasks.o
 .text.xQueueGenericReset
                0x00002fcc       0xd0 ./SDK/rtos/FreeRTOS_S32K/Source/queue.o
                0x00002fcc                xQueueGenericReset
 .text.xQueueGenericCreate
                0x0000309c       0x72 ./SDK/rtos/FreeRTOS_S32K/Source/queue.o
                0x0000309c                xQueueGenericCreate
 .text.prvInitialiseNewQueue
                0x0000310e       0x46 ./SDK/rtos/FreeRTOS_S32K/Source/queue.o
 .text.prvInitialiseMutex
                0x00003154       0x34 ./SDK/rtos/FreeRTOS_S32K/Source/queue.o
 .text.xQueueCreateMutex
                0x00003188       0x30 ./SDK/rtos/FreeRTOS_S32K/Source/queue.o
                0x00003188                xQueueCreateMutex
 .text.xQueueGetMutexHolder
                0x000031b8       0x2e ./SDK/rtos/FreeRTOS_S32K/Source/queue.o
                0x000031b8                xQueueGetMutexHolder
 .text.xQueueCreateCountingSemaphore
                0x000031e6       0x62 ./SDK/rtos/FreeRTOS_S32K/Source/queue.o
                0x000031e6                xQueueCreateCountingSemaphore
 .text.xQueueGenericSend
                0x00003248      0x1f4 ./SDK/rtos/FreeRTOS_S32K/Source/queue.o
                0x00003248                xQueueGenericSend
 .text.xQueueGenericSendFromISR
                0x0000343c      0x128 ./SDK/rtos/FreeRTOS_S32K/Source/queue.o
                0x0000343c                xQueueGenericSendFromISR
 .text.xQueueGiveFromISR
                0x00003564      0x112 ./SDK/rtos/FreeRTOS_S32K/Source/queue.o
                0x00003564                xQueueGiveFromISR
 *fill*         0x00003676        0x2 
 .text.xQueueReceive
                0x00003678      0x1b8 ./SDK/rtos/FreeRTOS_S32K/Source/queue.o
                0x00003678                xQueueReceive
 .text.xQueueSemaphoreTake
                0x00003830      0x210 ./SDK/rtos/FreeRTOS_S32K/Source/queue.o
                0x00003830                xQueueSemaphoreTake
 .text.vQueueDelete
                0x00003a40       0x3a ./SDK/rtos/FreeRTOS_S32K/Source/queue.o
                0x00003a40                vQueueDelete
 .text.prvGetDisinheritPriorityAfterTimeout
                0x00003a7a       0x30 ./SDK/rtos/FreeRTOS_S32K/Source/queue.o
 .text.prvCopyDataToQueue
                0x00003aaa       0xd4 ./SDK/rtos/FreeRTOS_S32K/Source/queue.o
 .text.prvCopyDataFromQueue
                0x00003b7e       0x4c ./SDK/rtos/FreeRTOS_S32K/Source/queue.o
 .text.prvUnlockQueue
                0x00003bca       0xa4 ./SDK/rtos/FreeRTOS_S32K/Source/queue.o
 .text.prvIsQueueEmpty
                0x00003c6e       0x2c ./SDK/rtos/FreeRTOS_S32K/Source/queue.o
 .text.prvIsQueueFull
                0x00003c9a       0x30 ./SDK/rtos/FreeRTOS_S32K/Source/queue.o
 *fill*         0x00003cca        0x2 
 .text.vQueueAddToRegistry
                0x00003ccc       0x50 ./SDK/rtos/FreeRTOS_S32K/Source/queue.o
                0x00003ccc                vQueueAddToRegistry
 .text.vQueueUnregisterQueue
                0x00003d1c       0x54 ./SDK/rtos/FreeRTOS_S32K/Source/queue.o
                0x00003d1c                vQueueUnregisterQueue
 .text.vQueueWaitForMessageRestricted
                0x00003d70       0x68 ./SDK/rtos/FreeRTOS_S32K/Source/queue.o
                0x00003d70                vQueueWaitForMessageRestricted
 .text.vListInitialise
                0x00003dd8       0x40 ./SDK/rtos/FreeRTOS_S32K/Source/list.o
                0x00003dd8                vListInitialise
 .text.vListInitialiseItem
                0x00003e18       0x1a ./SDK/rtos/FreeRTOS_S32K/Source/list.o
                0x00003e18                vListInitialiseItem
 .text.vListInsertEnd
                0x00003e32       0x48 ./SDK/rtos/FreeRTOS_S32K/Source/list.o
                0x00003e32                vListInsertEnd
 .text.vListInsert
                0x00003e7a       0x72 ./SDK/rtos/FreeRTOS_S32K/Source/list.o
                0x00003e7a                vListInsert
 .text.uxListRemove
                0x00003eec       0x54 ./SDK/rtos/FreeRTOS_S32K/Source/list.o
                0x00003eec                uxListRemove
 .text.DevAssert
                0x00003f40       0x22 ./SDK/platform/pal/src/uart/uart_pal.o
 .text.UART_AllocateState
                0x00003f62       0x80 ./SDK/platform/pal/src/uart/uart_pal.o
 .text.UART_GetConfigurationUsingLpuart
                0x00003fe2       0x8e ./SDK/platform/pal/src/uart/uart_pal.o
 .text.UART_Init
                0x00004070       0xe8 ./SDK/platform/pal/src/uart/uart_pal.o
                0x00004070                UART_Init
 .text.UART_SendData
                0x00004158       0x70 ./SDK/platform/pal/src/uart/uart_pal.o
                0x00004158                UART_SendData
 .text.UART_SetRxBuffer
                0x000041c8       0x5e ./SDK/platform/pal/src/uart/uart_pal.o
                0x000041c8                UART_SetRxBuffer
 .text.DevAssert
                0x00004226       0x22 ./SDK/platform/pal/src/timing/timing_pal.o
 .text.FTM_DRV_GetCounter
                0x00004248       0x1a ./SDK/platform/pal/src/timing/timing_pal.o
 .text.FTM_DRV_GetMod
                0x00004262       0x1a ./SDK/platform/pal/src/timing/timing_pal.o
 .text.FTM_DRV_GetChnCountVal
                0x0000427c       0x34 ./SDK/platform/pal/src/timing/timing_pal.o
 .text.FTM_DRV_ClearChnEventStatus
                0x000042b0       0x3e ./SDK/platform/pal/src/timing/timing_pal.o
 *fill*         0x000042ee        0x2 
 .text.TIMING_InitLpit
                0x000042f0      0x138 ./SDK/platform/pal/src/timing/timing_pal.o
 .text.TIMING_InitLptmr
                0x00004428      0x168 ./SDK/platform/pal/src/timing/timing_pal.o
 .text.TIMING_GetLptmrFreq
                0x00004590       0xcc ./SDK/platform/pal/src/timing/timing_pal.o
 .text.TIMING_InitFtm
                0x0000465c      0x2c0 ./SDK/platform/pal/src/timing/timing_pal.o
 .text.TIMING_Init
                0x0000491c       0xb0 ./SDK/platform/pal/src/timing/timing_pal.o
                0x0000491c                TIMING_Init
 .text.TIMING_StartChannel
                0x000049cc      0x1c4 ./SDK/platform/pal/src/timing/timing_pal.o
                0x000049cc                TIMING_StartChannel
 .text.TIMING_GetResolution
                0x00004b90      0x288 ./SDK/platform/pal/src/timing/timing_pal.o
                0x00004b90                TIMING_GetResolution
 .text.TIMING_Lpit_IrqHandler
                0x00004e18       0x7c ./SDK/platform/pal/src/timing/timing_pal.o
                0x00004e18                TIMING_Lpit_IrqHandler
 .text.TIMING_Lptmr_IrqHandler
                0x00004e94       0x5c ./SDK/platform/pal/src/timing/timing_pal.o
                0x00004e94                TIMING_Lptmr_IrqHandler
 .text.TIMING_Ftm_IrqHandler
                0x00004ef0       0xfc ./SDK/platform/pal/src/timing/timing_pal.o
                0x00004ef0                TIMING_Ftm_IrqHandler
 .text.DevAssert
                0x00004fec       0x22 ./SDK/platform/pal/src/timing/timing_irq.o
 .text.FTM_DRV_GetChnEventStatus
                0x0000500e       0x3e ./SDK/platform/pal/src/timing/timing_irq.o
 .text.LPIT0_Ch0_IRQHandler
                0x0000504c       0x10 ./SDK/platform/pal/src/timing/timing_irq.o
                0x0000504c                LPIT0_Ch0_IRQHandler
 .text.LPIT0_Ch1_IRQHandler
                0x0000505c       0x10 ./SDK/platform/pal/src/timing/timing_irq.o
                0x0000505c                LPIT0_Ch1_IRQHandler
 .text.LPIT0_Ch2_IRQHandler
                0x0000506c       0x10 ./SDK/platform/pal/src/timing/timing_irq.o
                0x0000506c                LPIT0_Ch2_IRQHandler
 .text.LPIT0_Ch3_IRQHandler
                0x0000507c       0x10 ./SDK/platform/pal/src/timing/timing_irq.o
                0x0000507c                LPIT0_Ch3_IRQHandler
 .text.LPTMR0_IRQHandler
                0x0000508c       0x10 ./SDK/platform/pal/src/timing/timing_irq.o
                0x0000508c                LPTMR0_IRQHandler
 .text.FTM0_Ch0_Ch1_IrqHandler
                0x0000509c       0x60 ./SDK/platform/pal/src/timing/timing_irq.o
                0x0000509c                FTM0_Ch0_Ch1_IrqHandler
 .text.FTM0_Ch2_Ch3_IrqHandler
                0x000050fc       0x60 ./SDK/platform/pal/src/timing/timing_irq.o
                0x000050fc                FTM0_Ch2_Ch3_IrqHandler
 .text.FTM0_Ch4_Ch5_IrqHandler
                0x0000515c       0x60 ./SDK/platform/pal/src/timing/timing_irq.o
                0x0000515c                FTM0_Ch4_Ch5_IrqHandler
 .text.FTM0_Ch6_Ch7_IrqHandler
                0x000051bc       0x60 ./SDK/platform/pal/src/timing/timing_irq.o
                0x000051bc                FTM0_Ch6_Ch7_IrqHandler
 .text.FTM1_Ch0_Ch1_IrqHandler
                0x0000521c       0x60 ./SDK/platform/pal/src/timing/timing_irq.o
                0x0000521c                FTM1_Ch0_Ch1_IrqHandler
 .text.FTM1_Ch2_Ch3_IrqHandler
                0x0000527c       0x60 ./SDK/platform/pal/src/timing/timing_irq.o
                0x0000527c                FTM1_Ch2_Ch3_IrqHandler
 .text.FTM1_Ch4_Ch5_IrqHandler
                0x000052dc       0x60 ./SDK/platform/pal/src/timing/timing_irq.o
                0x000052dc                FTM1_Ch4_Ch5_IrqHandler
 .text.FTM1_Ch6_Ch7_IrqHandler
                0x0000533c       0x60 ./SDK/platform/pal/src/timing/timing_irq.o
                0x0000533c                FTM1_Ch6_Ch7_IrqHandler
 .text.FTM2_Ch0_Ch1_IrqHandler
                0x0000539c       0x60 ./SDK/platform/pal/src/timing/timing_irq.o
                0x0000539c                FTM2_Ch0_Ch1_IrqHandler
 .text.FTM2_Ch2_Ch3_IrqHandler
                0x000053fc       0x60 ./SDK/platform/pal/src/timing/timing_irq.o
                0x000053fc                FTM2_Ch2_Ch3_IrqHandler
 .text.FTM2_Ch4_Ch5_IrqHandler
                0x0000545c       0x60 ./SDK/platform/pal/src/timing/timing_irq.o
                0x0000545c                FTM2_Ch4_Ch5_IrqHandler
 .text.FTM2_Ch6_Ch7_IrqHandler
                0x000054bc       0x60 ./SDK/platform/pal/src/timing/timing_irq.o
                0x000054bc                FTM2_Ch6_Ch7_IrqHandler
 .text.FTM3_Ch0_Ch1_IrqHandler
                0x0000551c       0x60 ./SDK/platform/pal/src/timing/timing_irq.o
                0x0000551c                FTM3_Ch0_Ch1_IrqHandler
 .text.FTM3_Ch2_Ch3_IrqHandler
                0x0000557c       0x60 ./SDK/platform/pal/src/timing/timing_irq.o
                0x0000557c                FTM3_Ch2_Ch3_IrqHandler
 .text.FTM3_Ch4_Ch5_IrqHandler
                0x000055dc       0x60 ./SDK/platform/pal/src/timing/timing_irq.o
                0x000055dc                FTM3_Ch4_Ch5_IrqHandler
 .text.FTM3_Ch6_Ch7_IrqHandler
                0x0000563c       0x60 ./SDK/platform/pal/src/timing/timing_irq.o
                0x0000563c                FTM3_Ch6_Ch7_IrqHandler
 .text.FTM4_Ch0_Ch1_IrqHandler
                0x0000569c       0x64 ./SDK/platform/pal/src/timing/timing_irq.o
                0x0000569c                FTM4_Ch0_Ch1_IrqHandler
 .text.FTM4_Ch2_Ch3_IrqHandler
                0x00005700       0x64 ./SDK/platform/pal/src/timing/timing_irq.o
                0x00005700                FTM4_Ch2_Ch3_IrqHandler
 .text.FTM4_Ch4_Ch5_IrqHandler
                0x00005764       0x64 ./SDK/platform/pal/src/timing/timing_irq.o
                0x00005764                FTM4_Ch4_Ch5_IrqHandler
 .text.FTM4_Ch6_Ch7_IrqHandler
                0x000057c8       0x64 ./SDK/platform/pal/src/timing/timing_irq.o
                0x000057c8                FTM4_Ch6_Ch7_IrqHandler
 .text.FTM5_Ch0_Ch1_IrqHandler
                0x0000582c       0x64 ./SDK/platform/pal/src/timing/timing_irq.o
                0x0000582c                FTM5_Ch0_Ch1_IrqHandler
 .text.FTM5_Ch2_Ch3_IrqHandler
                0x00005890       0x64 ./SDK/platform/pal/src/timing/timing_irq.o
                0x00005890                FTM5_Ch2_Ch3_IrqHandler
 .text.FTM5_Ch4_Ch5_IrqHandler
                0x000058f4       0x64 ./SDK/platform/pal/src/timing/timing_irq.o
                0x000058f4                FTM5_Ch4_Ch5_IrqHandler
 .text.FTM5_Ch6_Ch7_IrqHandler
                0x00005958       0x64 ./SDK/platform/pal/src/timing/timing_irq.o
                0x00005958                FTM5_Ch6_Ch7_IrqHandler
 .text.DevAssert
                0x000059bc       0x22 ./SDK/platform/pal/src/spi/spi_pal.o
 .text.SpiAllocateState
                0x000059de       0x5a ./SDK/platform/pal/src/spi/spi_pal.o
 .text.FindLpspiState
                0x00005a38       0x54 ./SDK/platform/pal/src/spi/spi_pal.o
 .text.FindFlexioState
                0x00005a8c       0x50 ./SDK/platform/pal/src/spi/spi_pal.o
 .text.SmallestPowerOfTwo
                0x00005adc       0x5a ./SDK/platform/pal/src/spi/spi_pal.o
 *fill*         0x00005b36        0x2 
 .text.SPI_MasterInit
                0x00005b38      0x260 ./SDK/platform/pal/src/spi/spi_pal.o
                0x00005b38                SPI_MasterInit
 .text.SPI_MasterTransfer
                0x00005d98       0xc8 ./SDK/platform/pal/src/spi/spi_pal.o
                0x00005d98                SPI_MasterTransfer
 .text.DevAssert
                0x00005e60       0x22 ./SDK/platform/pal/src/pwm/pwm_pal.o
 .text.PwmAllocateState
                0x00005e82       0x5c ./SDK/platform/pal/src/pwm/pwm_pal.o
 *fill*         0x00005ede        0x2 
 .text.PWM_Init
                0x00005ee0      0x558 ./SDK/platform/pal/src/pwm/pwm_pal.o
                0x00005ee0                PWM_Init
 .text.DevAssert
                0x00006438       0x22 ./SDK/platform/pal/src/ic/ic_pal.o
 .text.FTM_DRV_SetClockFilterPs
                0x0000645a       0x2e ./SDK/platform/pal/src/ic/ic_pal.o
 .text.icAllocateState
                0x00006488       0x68 ./SDK/platform/pal/src/ic/ic_pal.o
 .text.FindIcState
                0x000064f0       0x54 ./SDK/platform/pal/src/ic/ic_pal.o
 .text.IC_FtmInit
                0x00006544      0x510 ./SDK/platform/pal/src/ic/ic_pal.o
 .text.IC_Init  0x00006a54      0x100 ./SDK/platform/pal/src/ic/ic_pal.o
                0x00006a54                IC_Init
 .text.IC_StartChannel
                0x00006b54       0x9c ./SDK/platform/pal/src/ic/ic_pal.o
                0x00006b54                IC_StartChannel
 .text.IC_SetChannelMode
                0x00006bf0       0xc4 ./SDK/platform/pal/src/ic/ic_pal.o
                0x00006bf0                IC_SetChannelMode
 .text.DevAssert
                0x00006cb4       0x22 ./SDK/platform/pal/src/i2c/i2c_pal.o
 .text.I2CAllocateState
                0x00006cd6       0x5c ./SDK/platform/pal/src/i2c/i2c_pal.o
 *fill*         0x00006d32        0x2 
 .text.I2C_MasterInit
                0x00006d34       0xbc ./SDK/platform/pal/src/i2c/i2c_pal.o
                0x00006d34                I2C_MasterInit
 .text.DevAssert
                0x00006df0       0x22 ./SDK/platform/pal/src/can/can_pal.o
 .text.CAN_AllocateState
                0x00006e12       0x62 ./SDK/platform/pal/src/can/can_pal.o
 .text.CAN_FindFlexCANState
                0x00006e74       0x4c ./SDK/platform/pal/src/can/can_pal.o
 .text.CAN_GetVirtualBuffIdx
                0x00006ec0       0x1e ./SDK/platform/pal/src/can/can_pal.o
 *fill*         0x00006ede        0x2 
 .text.CAN_Init
                0x00006ee0      0x1a4 ./SDK/platform/pal/src/can/can_pal.o
                0x00006ee0                CAN_Init
 .text.CAN_ConfigRxBuff
                0x00007084      0x128 ./SDK/platform/pal/src/can/can_pal.o
                0x00007084                CAN_ConfigRxBuff
 .text.DevAssert
                0x000071ac       0x22 ./SDK/platform/pal/src/adc/adc_pal.o
 *fill*         0x000071ce        0x2 
 .text.ADC_Init
                0x000071d0      0x140 ./SDK/platform/pal/src/adc/adc_pal.o
                0x000071d0                ADC_Init
 .text.ADC_StartGroupConversion
                0x00007310      0x114 ./SDK/platform/pal/src/adc/adc_pal.o
                0x00007310                ADC_StartGroupConversion
 .text.ADC_Init_S32K1xx
                0x00007424      0x158 ./SDK/platform/pal/src/adc/adc_pal.o
 .text.ADC_S32K1xx_IrqHandler
                0x0000757c       0xdc ./SDK/platform/pal/src/adc/adc_pal.o
                0x0000757c                ADC_S32K1xx_IrqHandler
 .text.ADC_ConfigPdbAndPretriggers
                0x00007658      0x1bc ./SDK/platform/pal/src/adc/adc_pal.o
 .text.ADC_ConfigGroup
                0x00007814       0xbc ./SDK/platform/pal/src/adc/adc_pal.o
 .text.ADC_GetHwGroupStatePtr
                0x000078d0       0x2c ./SDK/platform/pal/src/adc/adc_pal.o
 .text.ADC_AnyHwTrigGroupActive
                0x000078fc       0x2c ./SDK/platform/pal/src/adc/adc_pal.o
 .text.ADC_PalStateUpdateStart
                0x00007928       0x8c ./SDK/platform/pal/src/adc/adc_pal.o
 .text.ADC_CallNotificationCb
                0x000079b4       0x5a ./SDK/platform/pal/src/adc/adc_pal.o
 .text.ADC0_IRQHandler
                0x00007a0e        0xe ./SDK/platform/pal/src/adc/adc_irq.o
                0x00007a0e                ADC0_IRQHandler
 .text.ADC1_IRQHandler
                0x00007a1c        0xe ./SDK/platform/pal/src/adc/adc_irq.o
                0x00007a1c                ADC1_IRQHandler
 .text.DevAssert
                0x00007a2a       0x22 ./SDK/platform/drivers/src/trgmux/trgmux_hw_access.o
 .text.TRGMUX_SetTrigSourceForTargetModule
                0x00007a4c       0x76 ./SDK/platform/drivers/src/trgmux/trgmux_hw_access.o
                0x00007a4c                TRGMUX_SetTrigSourceForTargetModule
 .text.TRGMUX_GetLockForTargetModule
                0x00007ac2       0x4a ./SDK/platform/drivers/src/trgmux/trgmux_hw_access.o
                0x00007ac2                TRGMUX_GetLockForTargetModule
 .text.DevAssert
                0x00007b0c       0x22 ./SDK/platform/drivers/src/trgmux/trgmux_driver.o
 *fill*         0x00007b2e        0x2 
 .text.TRGMUX_DRV_SetTrigSourceForTargetModule
                0x00007b30       0x60 ./SDK/platform/drivers/src/trgmux/trgmux_driver.o
                0x00007b30                TRGMUX_DRV_SetTrigSourceForTargetModule
 .text.DevAssert
                0x00007b90       0x22 ./SDK/platform/drivers/src/pins/pins_port_hw_access.o
 .text.PINS_GPIO_WritePin
                0x00007bb2       0x44 ./SDK/platform/drivers/src/pins/pins_port_hw_access.o
 *fill*         0x00007bf6        0x2 
 .text.PINS_GetAdcInterleaveVal
                0x00007bf8       0xe4 ./SDK/platform/drivers/src/pins/pins_port_hw_access.o
 .text.PINS_Init
                0x00007cdc      0x244 ./SDK/platform/drivers/src/pins/pins_port_hw_access.o
                0x00007cdc                PINS_Init
 .text.PINS_SetMuxModeSel
                0x00007f20       0x9c ./SDK/platform/drivers/src/pins/pins_port_hw_access.o
                0x00007f20                PINS_SetMuxModeSel
 .text.PINS_GPIO_SetPinsDirection
                0x00007fbc       0x1c ./SDK/platform/drivers/src/pins/pins_driver.o
 .text.PINS_GPIO_SetPins
                0x00007fd8       0x1c ./SDK/platform/drivers/src/pins/pins_driver.o
 .text.PINS_GPIO_ClearPins
                0x00007ff4       0x1c ./SDK/platform/drivers/src/pins/pins_driver.o
 .text.PINS_GPIO_TogglePins
                0x00008010       0x1c ./SDK/platform/drivers/src/pins/pins_driver.o
 .text.PINS_DRV_Init
                0x0000802c       0x3e ./SDK/platform/drivers/src/pins/pins_driver.o
                0x0000802c                PINS_DRV_Init
 .text.PINS_DRV_SetMuxModeSel
                0x0000806a       0x22 ./SDK/platform/drivers/src/pins/pins_driver.o
                0x0000806a                PINS_DRV_SetMuxModeSel
 .text.PINS_DRV_SetPinsDirection
                0x0000808c       0x1a ./SDK/platform/drivers/src/pins/pins_driver.o
                0x0000808c                PINS_DRV_SetPinsDirection
 .text.PINS_DRV_SetPins
                0x000080a6       0x1a ./SDK/platform/drivers/src/pins/pins_driver.o
                0x000080a6                PINS_DRV_SetPins
 .text.PINS_DRV_ClearPins
                0x000080c0       0x1a ./SDK/platform/drivers/src/pins/pins_driver.o
                0x000080c0                PINS_DRV_ClearPins
 .text.PINS_DRV_TogglePins
                0x000080da       0x1a ./SDK/platform/drivers/src/pins/pins_driver.o
                0x000080da                PINS_DRV_TogglePins
 .text.DevAssert
                0x000080f4       0x22 ./SDK/platform/drivers/src/pdb/pdb_hw_access.o
 .text.PDB_Enable
                0x00008116       0x2e ./SDK/platform/drivers/src/pdb/pdb_hw_access.o
 .text.PDB_Disable
                0x00008144       0x2e ./SDK/platform/drivers/src/pdb/pdb_hw_access.o
 .text.PDB_SetLoadValuesCmd
                0x00008172       0x2e ./SDK/platform/drivers/src/pdb/pdb_hw_access.o
 .text.PDB_SetAdcPreTriggerDelayValue
                0x000081a0       0x66 ./SDK/platform/drivers/src/pdb/pdb_hw_access.o
 .text.PDB_Init
                0x00008206       0xca ./SDK/platform/drivers/src/pdb/pdb_hw_access.o
                0x00008206                PDB_Init
 .text.PDB_ConfigTimer
                0x000082d0       0xd0 ./SDK/platform/drivers/src/pdb/pdb_hw_access.o
                0x000082d0                PDB_ConfigTimer
 .text.PDB_SetAdcPreTriggerBackToBackEnable
                0x000083a0       0x88 ./SDK/platform/drivers/src/pdb/pdb_hw_access.o
                0x000083a0                PDB_SetAdcPreTriggerBackToBackEnable
 .text.PDB_SetAdcPreTriggerOutputEnable
                0x00008428       0x84 ./SDK/platform/drivers/src/pdb/pdb_hw_access.o
                0x00008428                PDB_SetAdcPreTriggerOutputEnable
 .text.PDB_SetAdcPreTriggerEnable
                0x000084ac       0x80 ./SDK/platform/drivers/src/pdb/pdb_hw_access.o
                0x000084ac                PDB_SetAdcPreTriggerEnable
 .text.DevAssert
                0x0000852c       0x22 ./SDK/platform/drivers/src/pdb/pdb_driver.o
 .text.PDB_SetSoftTriggerCmd
                0x0000854e       0x2e ./SDK/platform/drivers/src/pdb/pdb_driver.o
 .text.PDB_Enable
                0x0000857c       0x2e ./SDK/platform/drivers/src/pdb/pdb_driver.o
 .text.PDB_SetLoadValuesCmd
                0x000085aa       0x2e ./SDK/platform/drivers/src/pdb/pdb_driver.o
 .text.PDB_SetAdcPreTriggerDelayValue
                0x000085d8       0x66 ./SDK/platform/drivers/src/pdb/pdb_driver.o
 *fill*         0x0000863e        0x2 
 .text.PDB_SIM_EnableBackToBack
                0x00008640       0x20 ./SDK/platform/drivers/src/pdb/pdb_driver.o
 .text.PDB_SIM_DisableBackToBack
                0x00008660       0x20 ./SDK/platform/drivers/src/pdb/pdb_driver.o
 .text.PDB_DRV_Init
                0x00008680       0xc4 ./SDK/platform/drivers/src/pdb/pdb_driver.o
                0x00008680                PDB_DRV_Init
 .text.PDB_DRV_Enable
                0x00008744       0x38 ./SDK/platform/drivers/src/pdb/pdb_driver.o
                0x00008744                PDB_DRV_Enable
 .text.PDB_DRV_SoftTriggerCmd
                0x0000877c       0x38 ./SDK/platform/drivers/src/pdb/pdb_driver.o
                0x0000877c                PDB_DRV_SoftTriggerCmd
 .text.PDB_DRV_LoadValuesCmd
                0x000087b4       0x38 ./SDK/platform/drivers/src/pdb/pdb_driver.o
                0x000087b4                PDB_DRV_LoadValuesCmd
 .text.PDB_DRV_ConfigAdcPreTrigger
                0x000087ec       0x94 ./SDK/platform/drivers/src/pdb/pdb_driver.o
                0x000087ec                PDB_DRV_ConfigAdcPreTrigger
 .text.PDB_DRV_SetAdcPreTriggerDelayValue
                0x00008880       0x7c ./SDK/platform/drivers/src/pdb/pdb_driver.o
                0x00008880                PDB_DRV_SetAdcPreTriggerDelayValue
 .text.LPUART0_IrqHandler
                0x000088fc        0xe ./SDK/platform/drivers/src/lpuart/lpuart_irq.o
                0x000088fc                LPUART0_IrqHandler
 .text.LPUART1_IrqHandler
                0x0000890a        0xe ./SDK/platform/drivers/src/lpuart/lpuart_irq.o
                0x0000890a                LPUART1_IrqHandler
 .text.LPUART2_IrqHandler
                0x00008918        0xe ./SDK/platform/drivers/src/lpuart/lpuart_irq.o
                0x00008918                LPUART2_IrqHandler
 .text.DevAssert
                0x00008926       0x22 ./SDK/platform/drivers/src/lpuart/lpuart_hw_access.o
 .text.LPUART_Init
                0x00008948       0x48 ./SDK/platform/drivers/src/lpuart/lpuart_hw_access.o
                0x00008948                LPUART_Init
 .text.LPUART_SetBitCountPerChar
                0x00008990       0x5e ./SDK/platform/drivers/src/lpuart/lpuart_hw_access.o
                0x00008990                LPUART_SetBitCountPerChar
 .text.LPUART_SetParityMode
                0x000089ee       0x42 ./SDK/platform/drivers/src/lpuart/lpuart_hw_access.o
                0x000089ee                LPUART_SetParityMode
 .text.LPUART_Putchar9
                0x00008a30       0x46 ./SDK/platform/drivers/src/lpuart/lpuart_hw_access.o
                0x00008a30                LPUART_Putchar9
 .text.LPUART_Putchar10
                0x00008a76       0x6a ./SDK/platform/drivers/src/lpuart/lpuart_hw_access.o
                0x00008a76                LPUART_Putchar10
 .text.LPUART_Getchar9
                0x00008ae0       0x4e ./SDK/platform/drivers/src/lpuart/lpuart_hw_access.o
                0x00008ae0                LPUART_Getchar9
 .text.LPUART_Getchar10
                0x00008b2e       0x6c ./SDK/platform/drivers/src/lpuart/lpuart_hw_access.o
                0x00008b2e                LPUART_Getchar10
 *fill*         0x00008b9a        0x2 
 .text.LPUART_SetIntMode
                0x00008b9c      0x100 ./SDK/platform/drivers/src/lpuart/lpuart_hw_access.o
                0x00008b9c                LPUART_SetIntMode
 .text.LPUART_GetIntMode
                0x00008c9c       0xb8 ./SDK/platform/drivers/src/lpuart/lpuart_hw_access.o
                0x00008c9c                LPUART_GetIntMode
 .text.LPUART_GetStatusFlag
                0x00008d54       0xb4 ./SDK/platform/drivers/src/lpuart/lpuart_hw_access.o
                0x00008d54                LPUART_GetStatusFlag
 .text.LPUART_SetErrorInterrupts
                0x00008e08       0x54 ./SDK/platform/drivers/src/lpuart/lpuart_hw_access.o
                0x00008e08                LPUART_SetErrorInterrupts
 .text.DevAssert
                0x00008e5c       0x22 ./SDK/platform/drivers/src/lpuart/lpuart_driver.o
 .text.LPUART_SetTransmitterCmd
                0x00008e7e       0x50 ./SDK/platform/drivers/src/lpuart/lpuart_driver.o
 .text.LPUART_SetReceiverCmd
                0x00008ece       0x50 ./SDK/platform/drivers/src/lpuart/lpuart_driver.o
 .text.LPUART_SetBaudRateDivisor
                0x00008f1e       0x56 ./SDK/platform/drivers/src/lpuart/lpuart_driver.o
 .text.LPUART_SetOversamplingRatio
                0x00008f74       0x46 ./SDK/platform/drivers/src/lpuart/lpuart_driver.o
 .text.LPUART_EnableBothEdgeSamplingCmd
                0x00008fba       0x20 ./SDK/platform/drivers/src/lpuart/lpuart_driver.o
 .text.LPUART_SetStopBitCount
                0x00008fda       0x2a ./SDK/platform/drivers/src/lpuart/lpuart_driver.o
 .text.LPUART_SetTxDmaCmd
                0x00009004       0x34 ./SDK/platform/drivers/src/lpuart/lpuart_driver.o
 .text.LPUART_SetRxDmaCmd
                0x00009038       0x34 ./SDK/platform/drivers/src/lpuart/lpuart_driver.o
 .text.LPUART_Putchar
                0x0000906c       0x24 ./SDK/platform/drivers/src/lpuart/lpuart_driver.o
 .text.LPUART_Getchar
                0x00009090       0x2e ./SDK/platform/drivers/src/lpuart/lpuart_driver.o
 .text.LPUART_DRV_ClearErrorFlags
                0x000090be       0x2e ./SDK/platform/drivers/src/lpuart/lpuart_driver.o
 .text.LPUART_DRV_Init
                0x000090ec      0x1f4 ./SDK/platform/drivers/src/lpuart/lpuart_driver.o
                0x000090ec                LPUART_DRV_Init
 .text.LPUART_DRV_InstallRxCallback
                0x000092e0       0x48 ./SDK/platform/drivers/src/lpuart/lpuart_driver.o
                0x000092e0                LPUART_DRV_InstallRxCallback
 .text.LPUART_DRV_InstallTxCallback
                0x00009328       0x48 ./SDK/platform/drivers/src/lpuart/lpuart_driver.o
                0x00009328                LPUART_DRV_InstallTxCallback
 .text.LPUART_DRV_SendData
                0x00009370       0xa0 ./SDK/platform/drivers/src/lpuart/lpuart_driver.o
                0x00009370                LPUART_DRV_SendData
 .text.LPUART_DRV_SetBaudRate
                0x00009410      0x168 ./SDK/platform/drivers/src/lpuart/lpuart_driver.o
                0x00009410                LPUART_DRV_SetBaudRate
 .text.LPUART_DRV_SetRxBuffer
                0x00009578       0x68 ./SDK/platform/drivers/src/lpuart/lpuart_driver.o
                0x00009578                LPUART_DRV_SetRxBuffer
 .text.LPUART_DRV_IRQHandler
                0x000095e0       0xb4 ./SDK/platform/drivers/src/lpuart/lpuart_driver.o
                0x000095e0                LPUART_DRV_IRQHandler
 .text.LPUART_DRV_RxIrqHandler
                0x00009694       0x98 ./SDK/platform/drivers/src/lpuart/lpuart_driver.o
 .text.LPUART_DRV_TxEmptyIrqHandler
                0x0000972c       0xb0 ./SDK/platform/drivers/src/lpuart/lpuart_driver.o
 .text.LPUART_DRV_TxCompleteIrqHandler
                0x000097dc       0x54 ./SDK/platform/drivers/src/lpuart/lpuart_driver.o
 .text.LPUART_DRV_ErrIrqHandler
                0x00009830      0x178 ./SDK/platform/drivers/src/lpuart/lpuart_driver.o
 .text.LPUART_DRV_StartSendDataUsingInt
                0x000099a8       0xc8 ./SDK/platform/drivers/src/lpuart/lpuart_driver.o
 .text.LPUART_DRV_StartSendDataUsingDma
                0x00009a70       0xe4 ./SDK/platform/drivers/src/lpuart/lpuart_driver.o
 .text.LPUART_DRV_CompleteSendDataUsingInt
                0x00009b54       0x90 ./SDK/platform/drivers/src/lpuart/lpuart_driver.o
 .text.LPUART_DRV_TxDmaCallback
                0x00009be4       0xc4 ./SDK/platform/drivers/src/lpuart/lpuart_driver.o
 .text.LPUART_DRV_CompleteReceiveDataUsingInt
                0x00009ca8       0x98 ./SDK/platform/drivers/src/lpuart/lpuart_driver.o
 .text.LPUART_DRV_PutData
                0x00009d40       0xa0 ./SDK/platform/drivers/src/lpuart/lpuart_driver.o
 .text.LPUART_DRV_GetData
                0x00009de0       0x9c ./SDK/platform/drivers/src/lpuart/lpuart_driver.o
 .text.LPUART_DRV_StopTxDma
                0x00009e7c       0x80 ./SDK/platform/drivers/src/lpuart/lpuart_driver.o
 .text.LPUART_DRV_StopRxDma
                0x00009efc       0x8c ./SDK/platform/drivers/src/lpuart/lpuart_driver.o
 .text.DevAssert
                0x00009f88       0x22 ./SDK/platform/drivers/src/lptmr/lptmr_hw_access.o
 .text.LPTMR_Init
                0x00009faa       0x48 ./SDK/platform/drivers/src/lptmr/lptmr_hw_access.o
                0x00009faa                LPTMR_Init
 .text.DevAssert
                0x00009ff2       0x22 ./SDK/platform/drivers/src/lptmr/lptmr_driver.o
 .text.LPTMR_SetDmaRequest
                0x0000a014       0x4e ./SDK/platform/drivers/src/lptmr/lptmr_driver.o
 .text.LPTMR_GetCompareFlag
                0x0000a062       0x3e ./SDK/platform/drivers/src/lptmr/lptmr_driver.o
 .text.LPTMR_ClearCompareFlag
                0x0000a0a0       0x3a ./SDK/platform/drivers/src/lptmr/lptmr_driver.o
 .text.LPTMR_SetInterrupt
                0x0000a0da       0x4c ./SDK/platform/drivers/src/lptmr/lptmr_driver.o
 .text.LPTMR_SetPinSelect
                0x0000a126       0x48 ./SDK/platform/drivers/src/lptmr/lptmr_driver.o
 .text.LPTMR_SetPinPolarity
                0x0000a16e       0x48 ./SDK/platform/drivers/src/lptmr/lptmr_driver.o
 .text.LPTMR_SetFreeRunning
                0x0000a1b6       0x4c ./SDK/platform/drivers/src/lptmr/lptmr_driver.o
 .text.LPTMR_GetWorkMode
                0x0000a202       0x40 ./SDK/platform/drivers/src/lptmr/lptmr_driver.o
 .text.LPTMR_SetWorkMode
                0x0000a242       0x48 ./SDK/platform/drivers/src/lptmr/lptmr_driver.o
 .text.LPTMR_GetEnable
                0x0000a28a       0x3c ./SDK/platform/drivers/src/lptmr/lptmr_driver.o
 .text.LPTMR_Enable
                0x0000a2c6       0x3e ./SDK/platform/drivers/src/lptmr/lptmr_driver.o
 .text.LPTMR_Disable
                0x0000a304       0x36 ./SDK/platform/drivers/src/lptmr/lptmr_driver.o
 .text.LPTMR_SetPrescaler
                0x0000a33a       0x48 ./SDK/platform/drivers/src/lptmr/lptmr_driver.o
 .text.LPTMR_GetBypass
                0x0000a382       0x3e ./SDK/platform/drivers/src/lptmr/lptmr_driver.o
 .text.LPTMR_SetBypass
                0x0000a3c0       0x4c ./SDK/platform/drivers/src/lptmr/lptmr_driver.o
 .text.LPTMR_GetClockSelect
                0x0000a40c       0x34 ./SDK/platform/drivers/src/lptmr/lptmr_driver.o
 .text.LPTMR_SetClockSelect
                0x0000a440       0x46 ./SDK/platform/drivers/src/lptmr/lptmr_driver.o
 .text.LPTMR_SetCompareValue
                0x0000a486       0x42 ./SDK/platform/drivers/src/lptmr/lptmr_driver.o
 .text.LPTMR_GetCounterValue
                0x0000a4c8       0x30 ./SDK/platform/drivers/src/lptmr/lptmr_driver.o
 .text.lptmr_us2nn
                0x0000a4f8       0x70 ./SDK/platform/drivers/src/lptmr/lptmr_driver.o
 .text.lptmr_compute_nticks
                0x0000a568       0x82 ./SDK/platform/drivers/src/lptmr/lptmr_driver.o
 .text.nticks2compare_ticks
                0x0000a5ea       0x56 ./SDK/platform/drivers/src/lptmr/lptmr_driver.o
 .text.lptmr_GetClkFreq
                0x0000a640       0xd4 ./SDK/platform/drivers/src/lptmr/lptmr_driver.o
 .text.lptmr_ChooseClkConfig
                0x0000a714       0xaa ./SDK/platform/drivers/src/lptmr/lptmr_driver.o
 *fill*         0x0000a7be        0x2 
 .text.LPTMR_DRV_Init
                0x0000a7c0       0x58 ./SDK/platform/drivers/src/lptmr/lptmr_driver.o
                0x0000a7c0                LPTMR_DRV_Init
 .text.LPTMR_DRV_SetConfig
                0x0000a818      0x1e4 ./SDK/platform/drivers/src/lptmr/lptmr_driver.o
                0x0000a818                LPTMR_DRV_SetConfig
 .text.LPTMR_DRV_SetCompareValueByCount
                0x0000a9fc       0xc8 ./SDK/platform/drivers/src/lptmr/lptmr_driver.o
                0x0000a9fc                LPTMR_DRV_SetCompareValueByCount
 .text.LPTMR_DRV_ClearCompareFlag
                0x0000aac4       0x30 ./SDK/platform/drivers/src/lptmr/lptmr_driver.o
                0x0000aac4                LPTMR_DRV_ClearCompareFlag
 .text.LPTMR_DRV_StartCounter
                0x0000aaf4       0x78 ./SDK/platform/drivers/src/lptmr/lptmr_driver.o
                0x0000aaf4                LPTMR_DRV_StartCounter
 .text.LPTMR_DRV_StopCounter
                0x0000ab6c       0x30 ./SDK/platform/drivers/src/lptmr/lptmr_driver.o
                0x0000ab6c                LPTMR_DRV_StopCounter
 .text.DevAssert
                0x0000ab9c       0x22 ./SDK/platform/drivers/src/lpspi/lpspi_slave_driver.o
 .text.LPSPI_GetStatusFlag
                0x0000abbe       0x30 ./SDK/platform/drivers/src/lpspi/lpspi_slave_driver.o
 .text.LPSPI_SetIntMode
                0x0000abee       0x4e ./SDK/platform/drivers/src/lpspi/lpspi_slave_driver.o
 .text.LPSPI_SetTxDmaCmd
                0x0000ac3c       0x28 ./SDK/platform/drivers/src/lpspi/lpspi_slave_driver.o
 .text.LPSPI_SetRxDmaCmd
                0x0000ac64       0x2a ./SDK/platform/drivers/src/lpspi/lpspi_slave_driver.o
 *fill*         0x0000ac8e        0x2 
 .text.LPSPI_DRV_SlaveIRQHandler
                0x0000ac90      0x138 ./SDK/platform/drivers/src/lpspi/lpspi_slave_driver.o
                0x0000ac90                LPSPI_DRV_SlaveIRQHandler
 .text.LPSPI_DRV_SlaveAbortTransfer
                0x0000adc8       0xc0 ./SDK/platform/drivers/src/lpspi/lpspi_slave_driver.o
                0x0000adc8                LPSPI_DRV_SlaveAbortTransfer
 .text.LPSPI_IsMaster
                0x0000ae88       0x26 ./SDK/platform/drivers/src/lpspi/lpspi_shared_function.o
 .text.LPSPI_SetIntMode
                0x0000aeae       0x4e ./SDK/platform/drivers/src/lpspi/lpspi_shared_function.o
 .text.LPSPI_WriteData
                0x0000aefc       0x1c ./SDK/platform/drivers/src/lpspi/lpspi_shared_function.o
 .text.LPSPI_ReadData
                0x0000af18       0x18 ./SDK/platform/drivers/src/lpspi/lpspi_shared_function.o
 .text.LPSPI_ReadTxCount
                0x0000af30       0x1c ./SDK/platform/drivers/src/lpspi/lpspi_shared_function.o
 .text.LPSPI_ReadRxCount
                0x0000af4c       0x1e ./SDK/platform/drivers/src/lpspi/lpspi_shared_function.o
 .text.LPSPI_ClearContCBit
                0x0000af6a       0x20 ./SDK/platform/drivers/src/lpspi/lpspi_shared_function.o
 *fill*         0x0000af8a        0x2 
 .text.LPSPI_DRV_IRQHandler
                0x0000af8c       0x40 ./SDK/platform/drivers/src/lpspi/lpspi_shared_function.o
                0x0000af8c                LPSPI_DRV_IRQHandler
 .text.LPSPI_DRV_FillupTxBuffer
                0x0000afcc      0x134 ./SDK/platform/drivers/src/lpspi/lpspi_shared_function.o
                0x0000afcc                LPSPI_DRV_FillupTxBuffer
 .text.LPSPI_DRV_ReadRXBuffer
                0x0000b100       0xe0 ./SDK/platform/drivers/src/lpspi/lpspi_shared_function.o
                0x0000b100                LPSPI_DRV_ReadRXBuffer
 .text.LPSPI_DRV_DisableTEIEInterrupts
                0x0000b1e0       0x44 ./SDK/platform/drivers/src/lpspi/lpspi_shared_function.o
                0x0000b1e0                LPSPI_DRV_DisableTEIEInterrupts
 .text.DevAssert
                0x0000b224       0x22 ./SDK/platform/drivers/src/lpspi/lpspi_master_driver.o
 .text.LPSPI_Enable
                0x0000b246       0x20 ./SDK/platform/drivers/src/lpspi/lpspi_master_driver.o
 .text.LPSPI_GetFifoSizes
                0x0000b266       0x2e ./SDK/platform/drivers/src/lpspi/lpspi_master_driver.o
 .text.LPSPI_SetRxWatermarks
                0x0000b294       0x34 ./SDK/platform/drivers/src/lpspi/lpspi_master_driver.o
 .text.LPSPI_SetTxWatermarks
                0x0000b2c8       0x32 ./SDK/platform/drivers/src/lpspi/lpspi_master_driver.o
 .text.LPSPI_GetStatusFlag
                0x0000b2fa       0x30 ./SDK/platform/drivers/src/lpspi/lpspi_master_driver.o
 .text.LPSPI_SetIntMode
                0x0000b32a       0x4e ./SDK/platform/drivers/src/lpspi/lpspi_master_driver.o
 .text.LPSPI_SetTxDmaCmd
                0x0000b378       0x28 ./SDK/platform/drivers/src/lpspi/lpspi_master_driver.o
 .text.LPSPI_SetRxDmaCmd
                0x0000b3a0       0x2a ./SDK/platform/drivers/src/lpspi/lpspi_master_driver.o
 .text.LPSPI_ClearRxmaskBit
                0x0000b3ca       0x20 ./SDK/platform/drivers/src/lpspi/lpspi_master_driver.o
 .text.LPSPI_SetRxmskBit
                0x0000b3ea       0x20 ./SDK/platform/drivers/src/lpspi/lpspi_master_driver.o
 .text.LPSPI_ClearContCBit
                0x0000b40a       0x20 ./SDK/platform/drivers/src/lpspi/lpspi_master_driver.o
 .text.LPSPI_SetContCBit
                0x0000b42a       0x20 ./SDK/platform/drivers/src/lpspi/lpspi_master_driver.o
 .text.LPSPI_SetSamplingPoint
                0x0000b44a       0x36 ./SDK/platform/drivers/src/lpspi/lpspi_master_driver.o
 .text.LPSPI_DRV_MasterInit
                0x0000b480       0xec ./SDK/platform/drivers/src/lpspi/lpspi_master_driver.o
                0x0000b480                LPSPI_DRV_MasterInit
 .text.LPSPI_DRV_MasterConfigureBus
                0x0000b56c      0x1c0 ./SDK/platform/drivers/src/lpspi/lpspi_master_driver.o
                0x0000b56c                LPSPI_DRV_MasterConfigureBus
 .text.LPSPI_DRV_MasterTransfer
                0x0000b72c       0x70 ./SDK/platform/drivers/src/lpspi/lpspi_master_driver.o
                0x0000b72c                LPSPI_DRV_MasterTransfer
 .text.LPSPI_DRV_MasterAbortTransfer
                0x0000b79c       0x68 ./SDK/platform/drivers/src/lpspi/lpspi_master_driver.o
                0x0000b79c                LPSPI_DRV_MasterAbortTransfer
 .text.LPSPI_DRV_MasterStartTransfer
                0x0000b804      0x2a0 ./SDK/platform/drivers/src/lpspi/lpspi_master_driver.o
 .text.LPSPI_DRV_MasterCompleteTransfer
                0x0000baa4       0xa8 ./SDK/platform/drivers/src/lpspi/lpspi_master_driver.o
 .text.LPSPI_DRV_MasterCompleteDMATransfer
                0x0000bb4c       0x70 ./SDK/platform/drivers/src/lpspi/lpspi_master_driver.o
 .text.LPSPI_DRV_MasterCompleteRX
                0x0000bbbc       0x3c ./SDK/platform/drivers/src/lpspi/lpspi_master_driver.o
 .text.LPSPI_DRV_MasterIRQHandler
                0x0000bbf8      0x100 ./SDK/platform/drivers/src/lpspi/lpspi_master_driver.o
                0x0000bbf8                LPSPI_DRV_MasterIRQHandler
 .text.LPSPI0_IRQHandler
                0x0000bcf8        0xe ./SDK/platform/drivers/src/lpspi/lpspi_irq.o
                0x0000bcf8                LPSPI0_IRQHandler
 .text.LPSPI1_IRQHandler
                0x0000bd06        0xe ./SDK/platform/drivers/src/lpspi/lpspi_irq.o
                0x0000bd06                LPSPI1_IRQHandler
 .text.LPSPI2_IRQHandler
                0x0000bd14        0xe ./SDK/platform/drivers/src/lpspi/lpspi_irq.o
                0x0000bd14                LPSPI2_IRQHandler
 .text.LPSPI_SetDelay
                0x0000bd22       0x46 ./SDK/platform/drivers/src/lpspi/lpspi_hw_access.o
 .text.LPSPI_Init
                0x0000bd68       0x20 ./SDK/platform/drivers/src/lpspi/lpspi_hw_access.o
                0x0000bd68                LPSPI_Init
 .text.LPSPI_Disable
                0x0000bd88       0x3c ./SDK/platform/drivers/src/lpspi/lpspi_hw_access.o
                0x0000bd88                LPSPI_Disable
 .text.LPSPI_SetMasterSlaveMode
                0x0000bdc4       0x2a ./SDK/platform/drivers/src/lpspi/lpspi_hw_access.o
                0x0000bdc4                LPSPI_SetMasterSlaveMode
 .text.LPSPI_SetFlushFifoCmd
                0x0000bdee       0x38 ./SDK/platform/drivers/src/lpspi/lpspi_hw_access.o
                0x0000bdee                LPSPI_SetFlushFifoCmd
 .text.LPSPI_ClearStatusFlag
                0x0000be26       0x42 ./SDK/platform/drivers/src/lpspi/lpspi_hw_access.o
                0x0000be26                LPSPI_ClearStatusFlag
 .text.LPSPI_SetPcsPolarityMode
                0x0000be68       0x4c ./SDK/platform/drivers/src/lpspi/lpspi_hw_access.o
                0x0000be68                LPSPI_SetPcsPolarityMode
 .text.LPSPI_SetPinConfigMode
                0x0000beb4       0x58 ./SDK/platform/drivers/src/lpspi/lpspi_hw_access.o
                0x0000beb4                LPSPI_SetPinConfigMode
 .text.abs_dif  0x0000bf0c       0x2c ./SDK/platform/drivers/src/lpspi/lpspi_hw_access.o
 .text.LPSPI_SetBaudRate
                0x0000bf38      0x190 ./SDK/platform/drivers/src/lpspi/lpspi_hw_access.o
                0x0000bf38                LPSPI_SetBaudRate
 .text.LPSPI_SetBaudRateDivisor
                0x0000c0c8       0x36 ./SDK/platform/drivers/src/lpspi/lpspi_hw_access.o
                0x0000c0c8                LPSPI_SetBaudRateDivisor
 .text.LPSPI_SetTxCommandReg
                0x0000c0fe       0x78 ./SDK/platform/drivers/src/lpspi/lpspi_hw_access.o
                0x0000c0fe                LPSPI_SetTxCommandReg
 .text.DevAssert
                0x0000c176       0x22 ./SDK/platform/drivers/src/lpit/lpit_driver.o
 .text.LPIT_Enable
                0x0000c198       0x36 ./SDK/platform/drivers/src/lpit/lpit_driver.o
 .text.LPIT_Reset
                0x0000c1ce       0x42 ./SDK/platform/drivers/src/lpit/lpit_driver.o
 .text.LPIT_StartTimerChannels
                0x0000c210       0x22 ./SDK/platform/drivers/src/lpit/lpit_driver.o
 .text.LPIT_StopTimerChannels
                0x0000c232       0x22 ./SDK/platform/drivers/src/lpit/lpit_driver.o
 .text.LPIT_SetTimerPeriodByCount
                0x0000c254       0x26 ./SDK/platform/drivers/src/lpit/lpit_driver.o
 .text.LPIT_EnableInterruptTimerChannels
                0x0000c27a       0x22 ./SDK/platform/drivers/src/lpit/lpit_driver.o
 .text.LPIT_DisableInterruptTimerChannels
                0x0000c29c       0x24 ./SDK/platform/drivers/src/lpit/lpit_driver.o
 .text.LPIT_ClearInterruptFlagTimerChannels
                0x0000c2c0       0x20 ./SDK/platform/drivers/src/lpit/lpit_driver.o
 .text.LPIT_SetTimerChannelModeCmd
                0x0000c2e0       0x58 ./SDK/platform/drivers/src/lpit/lpit_driver.o
 .text.LPIT_GetTimerChannelModeCmd
                0x0000c338       0x68 ./SDK/platform/drivers/src/lpit/lpit_driver.o
 .text.LPIT_SetTriggerSelectCmd
                0x0000c3a0       0x56 ./SDK/platform/drivers/src/lpit/lpit_driver.o
 .text.LPIT_SetTriggerSourceCmd
                0x0000c3f6       0x58 ./SDK/platform/drivers/src/lpit/lpit_driver.o
 .text.LPIT_SetReloadOnTriggerCmd
                0x0000c44e       0x5e ./SDK/platform/drivers/src/lpit/lpit_driver.o
 .text.LPIT_SetStopOnInterruptCmd
                0x0000c4ac       0x5e ./SDK/platform/drivers/src/lpit/lpit_driver.o
 .text.LPIT_SetStartOnTriggerCmd
                0x0000c50a       0x5e ./SDK/platform/drivers/src/lpit/lpit_driver.o
 .text.LPIT_SetTimerChannelChainCmd
                0x0000c568       0x5c ./SDK/platform/drivers/src/lpit/lpit_driver.o
 .text.LPIT_SetTimerRunInDebugCmd
                0x0000c5c4       0x3a ./SDK/platform/drivers/src/lpit/lpit_driver.o
 .text.LPIT_SetTimerRunInDozeCmd
                0x0000c5fe       0x3a ./SDK/platform/drivers/src/lpit/lpit_driver.o
 .text.LPIT_DRV_Init
                0x0000c638       0xd8 ./SDK/platform/drivers/src/lpit/lpit_driver.o
                0x0000c638                LPIT_DRV_Init
 .text.LPIT_DRV_InitChannel
                0x0000c710      0x164 ./SDK/platform/drivers/src/lpit/lpit_driver.o
                0x0000c710                LPIT_DRV_InitChannel
 .text.LPIT_DRV_StartTimerChannels
                0x0000c874       0x48 ./SDK/platform/drivers/src/lpit/lpit_driver.o
                0x0000c874                LPIT_DRV_StartTimerChannels
 .text.LPIT_DRV_StopTimerChannels
                0x0000c8bc       0x48 ./SDK/platform/drivers/src/lpit/lpit_driver.o
                0x0000c8bc                LPIT_DRV_StopTimerChannels
 .text.LPIT_DRV_SetTimerPeriodByUs
                0x0000c904      0x16c ./SDK/platform/drivers/src/lpit/lpit_driver.o
                0x0000c904                LPIT_DRV_SetTimerPeriodByUs
 .text.LPIT_DRV_SetTimerPeriodByCount
                0x0000ca70       0x4c ./SDK/platform/drivers/src/lpit/lpit_driver.o
                0x0000ca70                LPIT_DRV_SetTimerPeriodByCount
 .text.LPIT_DRV_ClearInterruptFlagTimerChannels
                0x0000cabc       0x48 ./SDK/platform/drivers/src/lpit/lpit_driver.o
                0x0000cabc                LPIT_DRV_ClearInterruptFlagTimerChannels
 .text.LPI2C0_Master_IRQHandler
                0x0000cb04        0xe ./SDK/platform/drivers/src/lpi2c/lpi2c_irq.o
                0x0000cb04                LPI2C0_Master_IRQHandler
 .text.LPI2C0_Slave_IRQHandler
                0x0000cb12        0xe ./SDK/platform/drivers/src/lpi2c/lpi2c_irq.o
                0x0000cb12                LPI2C0_Slave_IRQHandler
 .text.LPI2C_Set_MasterSoftwareReset
                0x0000cb20       0x3a ./SDK/platform/drivers/src/lpi2c/lpi2c_hw_access.o
 .text.LPI2C_Set_SlaveSoftwareReset
                0x0000cb5a       0x3e ./SDK/platform/drivers/src/lpi2c/lpi2c_hw_access.o
 .text.LPI2C_Init
                0x0000cb98       0x2e ./SDK/platform/drivers/src/lpi2c/lpi2c_hw_access.o
                0x0000cb98                LPI2C_Init
 .text.DevAssert
                0x0000cbc6       0x22 ./SDK/platform/drivers/src/lpi2c/lpi2c_driver.o
 .text.LPI2C_Get_MasterTxFIFOSize
                0x0000cbe8       0x30 ./SDK/platform/drivers/src/lpi2c/lpi2c_driver.o
 .text.LPI2C_Reset_MasterRxFIFOCmd
                0x0000cc18       0x30 ./SDK/platform/drivers/src/lpi2c/lpi2c_driver.o
 .text.LPI2C_Reset_MasterTxFIFOCmd
                0x0000cc48       0x30 ./SDK/platform/drivers/src/lpi2c/lpi2c_driver.o
 .text.LPI2C_Set_MasterEnable
                0x0000cc78       0x34 ./SDK/platform/drivers/src/lpi2c/lpi2c_driver.o
 .text.LPI2C_Get_MasterReceiveDataReadyEvent
                0x0000ccac       0x30 ./SDK/platform/drivers/src/lpi2c/lpi2c_driver.o
 .text.LPI2C_Get_MasterTransmitDataRequestEvent
                0x0000ccdc       0x2e ./SDK/platform/drivers/src/lpi2c/lpi2c_driver.o
 .text.LPI2C_Get_MasterFIFOErrorEvent
                0x0000cd0a       0x30 ./SDK/platform/drivers/src/lpi2c/lpi2c_driver.o
 .text.LPI2C_Get_MasterArbitrationLostEvent
                0x0000cd3a       0x30 ./SDK/platform/drivers/src/lpi2c/lpi2c_driver.o
 .text.LPI2C_Get_MasterNACKDetectEvent
                0x0000cd6a       0x30 ./SDK/platform/drivers/src/lpi2c/lpi2c_driver.o
 .text.LPI2C_Clear_MasterFIFOErrorEvent
                0x0000cd9a       0x1c ./SDK/platform/drivers/src/lpi2c/lpi2c_driver.o
 .text.LPI2C_Clear_MasterArbitrationLostEvent
                0x0000cdb6       0x1c ./SDK/platform/drivers/src/lpi2c/lpi2c_driver.o
 .text.LPI2C_Clear_MasterNACKDetectEvent
                0x0000cdd2       0x1c ./SDK/platform/drivers/src/lpi2c/lpi2c_driver.o
 .text.LPI2C_Set_MasterRxDMA
                0x0000cdee       0x3a ./SDK/platform/drivers/src/lpi2c/lpi2c_driver.o
 .text.LPI2C_Set_MasterTxDMA
                0x0000ce28       0x34 ./SDK/platform/drivers/src/lpi2c/lpi2c_driver.o
 .text.LPI2C_Set_MasterInt
                0x0000ce5c       0x40 ./SDK/platform/drivers/src/lpi2c/lpi2c_driver.o
 .text.LPI2C_Set_MasterPinConfig
                0x0000ce9c       0x3a ./SDK/platform/drivers/src/lpi2c/lpi2c_driver.o
 .text.LPI2C_Set_MasterNACKConfig
                0x0000ced6       0x3a ./SDK/platform/drivers/src/lpi2c/lpi2c_driver.o
 .text.LPI2C_Set_MasterPrescaler
                0x0000cf10       0x38 ./SDK/platform/drivers/src/lpi2c/lpi2c_driver.o
 .text.LPI2C_Set_MasterClockHighPeriod
                0x0000cf48       0x3a ./SDK/platform/drivers/src/lpi2c/lpi2c_driver.o
 .text.LPI2C_Set_MasterDataValidDelay
                0x0000cf82       0x3a ./SDK/platform/drivers/src/lpi2c/lpi2c_driver.o
 .text.LPI2C_Set_MasterSetupHoldDelay
                0x0000cfbc       0x3a ./SDK/platform/drivers/src/lpi2c/lpi2c_driver.o
 .text.LPI2C_Set_MasterClockLowPeriod
                0x0000cff6       0x38 ./SDK/platform/drivers/src/lpi2c/lpi2c_driver.o
 .text.LPI2C_Set_MasterRxFIFOWatermark
                0x0000d02e       0x3a ./SDK/platform/drivers/src/lpi2c/lpi2c_driver.o
 .text.LPI2C_Get_MasterRxFIFOWatermark
                0x0000d068       0x28 ./SDK/platform/drivers/src/lpi2c/lpi2c_driver.o
 .text.LPI2C_Get_MasterRxFIFOCount
                0x0000d090       0x28 ./SDK/platform/drivers/src/lpi2c/lpi2c_driver.o
 .text.LPI2C_Get_MasterTxFIFOCount
                0x0000d0b8       0x26 ./SDK/platform/drivers/src/lpi2c/lpi2c_driver.o
 .text.LPI2C_Cmd_MasterTransmit
                0x0000d0de       0x28 ./SDK/platform/drivers/src/lpi2c/lpi2c_driver.o
 .text.LPI2C_Get_MasterRxData
                0x0000d106       0x24 ./SDK/platform/drivers/src/lpi2c/lpi2c_driver.o
 .text.LPI2C_Set_SlaveEnable
                0x0000d12a       0x38 ./SDK/platform/drivers/src/lpi2c/lpi2c_driver.o
 .text.LPI2C_Get_SlaveBitErrorEvent
                0x0000d162       0x32 ./SDK/platform/drivers/src/lpi2c/lpi2c_driver.o
 .text.LPI2C_Get_SlaveSTOPDetectEvent
                0x0000d194       0x32 ./SDK/platform/drivers/src/lpi2c/lpi2c_driver.o
 .text.LPI2C_Get_SlaveRepeatedStartEvent
                0x0000d1c6       0x32 ./SDK/platform/drivers/src/lpi2c/lpi2c_driver.o
 .text.LPI2C_Get_SlaveAddressValidEvent
                0x0000d1f8       0x32 ./SDK/platform/drivers/src/lpi2c/lpi2c_driver.o
 .text.LPI2C_Get_SlaveReceiveDataEvent
                0x0000d22a       0x32 ./SDK/platform/drivers/src/lpi2c/lpi2c_driver.o
 .text.LPI2C_Get_SlaveTransmitDataEvent
                0x0000d25c       0x30 ./SDK/platform/drivers/src/lpi2c/lpi2c_driver.o
 .text.LPI2C_Clear_SlaveBitErrorEvent
                0x0000d28c       0x1e ./SDK/platform/drivers/src/lpi2c/lpi2c_driver.o
 .text.LPI2C_Clear_SlaveSTOPDetectEvent
                0x0000d2aa       0x1e ./SDK/platform/drivers/src/lpi2c/lpi2c_driver.o
 .text.LPI2C_Clear_SlaveRepeatedStartEvent
                0x0000d2c8       0x1e ./SDK/platform/drivers/src/lpi2c/lpi2c_driver.o
 .text.LPI2C_Set_SlaveInt
                0x0000d2e6       0x44 ./SDK/platform/drivers/src/lpi2c/lpi2c_driver.o
 .text.LPI2C_Get_SlaveInt
                0x0000d32a       0x32 ./SDK/platform/drivers/src/lpi2c/lpi2c_driver.o
 .text.LPI2C_Set_SlaveRxDMA
                0x0000d35c       0x3e ./SDK/platform/drivers/src/lpi2c/lpi2c_driver.o
 .text.LPI2C_Set_SlaveTxDMA
                0x0000d39a       0x38 ./SDK/platform/drivers/src/lpi2c/lpi2c_driver.o
 .text.LPI2C_Get_SlaveReceivedAddr
                0x0000d3d2       0x28 ./SDK/platform/drivers/src/lpi2c/lpi2c_driver.o
 .text.LPI2C_Transmit_SlaveData
                0x0000d3fa       0x20 ./SDK/platform/drivers/src/lpi2c/lpi2c_driver.o
 .text.LPI2C_Get_SlaveData
                0x0000d41a       0x26 ./SDK/platform/drivers/src/lpi2c/lpi2c_driver.o
 .text.LPI2C_DRV_MasterCmdQueueEmpty
                0x0000d440       0x34 ./SDK/platform/drivers/src/lpi2c/lpi2c_driver.o
 .text.LPI2C_DRV_MasterResetQueue
                0x0000d474       0x2e ./SDK/platform/drivers/src/lpi2c/lpi2c_driver.o
 .text.LPI2C_DRV_MasterSendQueuedCmd
                0x0000d4a2       0xac ./SDK/platform/drivers/src/lpi2c/lpi2c_driver.o
 .text.LPI2C_DRV_MasterQueueData
                0x0000d54e       0x96 ./SDK/platform/drivers/src/lpi2c/lpi2c_driver.o
 .text.LPI2C_DRV_MasterEndTransfer
                0x0000d5e4       0xc0 ./SDK/platform/drivers/src/lpi2c/lpi2c_driver.o
 .text.LPI2C_DRV_SlaveEndTransfer
                0x0000d6a4       0x92 ./SDK/platform/drivers/src/lpi2c/lpi2c_driver.o
 *fill*         0x0000d736        0x2 
 .text.LPI2C_DRV_MasterSetOperatingMode
                0x0000d738       0x54 ./SDK/platform/drivers/src/lpi2c/lpi2c_driver.o
 .text.LPI2C_DRV_ConfigureDmaTransfer
                0x0000d78c       0x9c ./SDK/platform/drivers/src/lpi2c/lpi2c_driver.o
 .text.LPI2C_DRV_SlaveStartDmaTransfer
                0x0000d828       0xb8 ./SDK/platform/drivers/src/lpi2c/lpi2c_driver.o
 .text.LPI2C_DRV_MasterReinit
                0x0000d8e0       0x84 ./SDK/platform/drivers/src/lpi2c/lpi2c_driver.o
 .text.LPI2C_DRV_MasterHandleTransmitDataRequest
                0x0000d964       0x94 ./SDK/platform/drivers/src/lpi2c/lpi2c_driver.o
 .text.LPI2C_DRV_MasterHandleReceiveDataReadyEvent
                0x0000d9f8       0xca ./SDK/platform/drivers/src/lpi2c/lpi2c_driver.o
 *fill*         0x0000dac2        0x2 
 .text.LPI2C_DRV_SlaveHandleAddressValidEvent
                0x0000dac4       0xbc ./SDK/platform/drivers/src/lpi2c/lpi2c_driver.o
 .text.LPI2C_DRV_SlaveHandleTransmitDataEvent
                0x0000db80       0x7a ./SDK/platform/drivers/src/lpi2c/lpi2c_driver.o
 .text.LPI2C_DRV_SlaveHandleReceiveDataEvent
                0x0000dbfa       0x6a ./SDK/platform/drivers/src/lpi2c/lpi2c_driver.o
 .text.LPI2C_DRV_MasterInit
                0x0000dc64      0x188 ./SDK/platform/drivers/src/lpi2c/lpi2c_driver.o
                0x0000dc64                LPI2C_DRV_MasterInit
 .text.LPI2C_DRV_MasterSetBaudRate
                0x0000ddec      0x1c8 ./SDK/platform/drivers/src/lpi2c/lpi2c_driver.o
                0x0000ddec                LPI2C_DRV_MasterSetBaudRate
 .text.LPI2C_DRV_MasterSetSlaveAddr
                0x0000dfb4       0x58 ./SDK/platform/drivers/src/lpi2c/lpi2c_driver.o
                0x0000dfb4                LPI2C_DRV_MasterSetSlaveAddr
 .text.LPI2C_DRV_MasterIRQHandler
                0x0000e00c      0x190 ./SDK/platform/drivers/src/lpi2c/lpi2c_driver.o
                0x0000e00c                LPI2C_DRV_MasterIRQHandler
 .text.LPI2C_DRV_SlaveEndTransferHandler
                0x0000e19c       0x7a ./SDK/platform/drivers/src/lpi2c/lpi2c_driver.o
 *fill*         0x0000e216        0x2 
 .text.LPI2C_DRV_SlaveIRQHandler
                0x0000e218      0x150 ./SDK/platform/drivers/src/lpi2c/lpi2c_driver.o
                0x0000e218                LPI2C_DRV_SlaveIRQHandler
 .text.DevAssert
                0x0000e368       0x22 ./SDK/platform/drivers/src/interrupt/interrupt_manager.o
 *fill*         0x0000e38a        0x2 
 .text.INT_SYS_InstallHandler
                0x0000e38c       0x90 ./SDK/platform/drivers/src/interrupt/interrupt_manager.o
                0x0000e38c                INT_SYS_InstallHandler
 .text.INT_SYS_EnableIRQ
                0x0000e41c       0x58 ./SDK/platform/drivers/src/interrupt/interrupt_manager.o
                0x0000e41c                INT_SYS_EnableIRQ
 .text.INT_SYS_DisableIRQ
                0x0000e474       0x58 ./SDK/platform/drivers/src/interrupt/interrupt_manager.o
                0x0000e474                INT_SYS_DisableIRQ
 .text.INT_SYS_EnableIRQGlobal
                0x0000e4cc       0x30 ./SDK/platform/drivers/src/interrupt/interrupt_manager.o
                0x0000e4cc                INT_SYS_EnableIRQGlobal
 .text.INT_SYS_DisableIRQGlobal
                0x0000e4fc       0x20 ./SDK/platform/drivers/src/interrupt/interrupt_manager.o
                0x0000e4fc                INT_SYS_DisableIRQGlobal
 .text.DevAssert
                0x0000e51c       0x22 ./SDK/platform/drivers/src/ftm/ftm_pwm_driver.o
 .text.FTM_DRV_GetMod
                0x0000e53e       0x1a ./SDK/platform/drivers/src/ftm/ftm_pwm_driver.o
 .text.FTM_DRV_SetClockSource
                0x0000e558       0x2e ./SDK/platform/drivers/src/ftm/ftm_pwm_driver.o
 .text.FTM_DRV_EnablePwmChannelOutputs
                0x0000e586       0x2a ./SDK/platform/drivers/src/ftm/ftm_pwm_driver.o
 .text.FTM_DRV_ClearTimerOverflow
                0x0000e5b0       0x24 ./SDK/platform/drivers/src/ftm/ftm_pwm_driver.o
 .text.FTM_DRV_SetCpwms
                0x0000e5d4       0x2e ./SDK/platform/drivers/src/ftm/ftm_pwm_driver.o
 .text.FTM_DRV_GetCpwms
                0x0000e602       0x26 ./SDK/platform/drivers/src/ftm/ftm_pwm_driver.o
 .text.FTM_DRV_GetClockSource
                0x0000e628       0x22 ./SDK/platform/drivers/src/ftm/ftm_pwm_driver.o
 .text.FTM_DRV_SetMod
                0x0000e64a       0x28 ./SDK/platform/drivers/src/ftm/ftm_pwm_driver.o
 .text.FTM_DRV_SetCounterInitVal
                0x0000e672       0x28 ./SDK/platform/drivers/src/ftm/ftm_pwm_driver.o
 .text.FTM_DRV_SetChnMSnBAMode
                0x0000e69a       0x78 ./SDK/platform/drivers/src/ftm/ftm_pwm_driver.o
 .text.FTM_DRV_SetChnEdgeLevel
                0x0000e712       0x78 ./SDK/platform/drivers/src/ftm/ftm_pwm_driver.o
 .text.FTM_DRV_SetChnCountVal
                0x0000e78a       0x38 ./SDK/platform/drivers/src/ftm/ftm_pwm_driver.o
 .text.FTM_DRV_SetChnOutputPolarityCmd
                0x0000e7c2       0x5e ./SDK/platform/drivers/src/ftm/ftm_pwm_driver.o
 .text.FTM_DRV_SetChnFaultInputPolarityCmd
                0x0000e820       0x60 ./SDK/platform/drivers/src/ftm/ftm_pwm_driver.o
 .text.FTM_DRV_SetFaultInt
                0x0000e880       0x2c ./SDK/platform/drivers/src/ftm/ftm_pwm_driver.o
 .text.FTM_DRV_SetFaultControlMode
                0x0000e8ac       0x2c ./SDK/platform/drivers/src/ftm/ftm_pwm_driver.o
 .text.FTM_DRV_SetInitChnOutputCmd
                0x0000e8d8       0x2e ./SDK/platform/drivers/src/ftm/ftm_pwm_driver.o
 .text.FTM_DRV_SetWriteProtectionCmd
                0x0000e906       0x38 ./SDK/platform/drivers/src/ftm/ftm_pwm_driver.o
 .text.FTM_DRV_Enable
                0x0000e93e       0x28 ./SDK/platform/drivers/src/ftm/ftm_pwm_driver.o
 .text.FTM_DRV_SetPwmSyncMode
                0x0000e966       0x2e ./SDK/platform/drivers/src/ftm/ftm_pwm_driver.o
 .text.FTM_DRV_SetSoftwareTriggerCmd
                0x0000e994       0x2c ./SDK/platform/drivers/src/ftm/ftm_pwm_driver.o
 .text.FTM_DRV_SetDualChnMofCombineCmd
                0x0000e9c0       0x5c ./SDK/platform/drivers/src/ftm/ftm_pwm_driver.o
 .text.FTM_DRV_SetDualChnFaultCmd
                0x0000ea1c       0x5c ./SDK/platform/drivers/src/ftm/ftm_pwm_driver.o
 .text.FTM_DRV_SetDualChnPwmSyncCmd
                0x0000ea78       0x5c ./SDK/platform/drivers/src/ftm/ftm_pwm_driver.o
 .text.FTM_DRV_SetDualChnDeadtimeCmd
                0x0000ead4       0x5c ./SDK/platform/drivers/src/ftm/ftm_pwm_driver.o
 .text.FTM_DRV_SetDualEdgeCaptureCmd
                0x0000eb30       0x5c ./SDK/platform/drivers/src/ftm/ftm_pwm_driver.o
 .text.FTM_DRV_SetDualChnCompCmd
                0x0000eb8c       0x5c ./SDK/platform/drivers/src/ftm/ftm_pwm_driver.o
 .text.FTM_DRV_SetDualChnCombineCmd
                0x0000ebe8       0x5c ./SDK/platform/drivers/src/ftm/ftm_pwm_driver.o
 .text.FTM_DRV_GetDualChnCombineCmd
                0x0000ec44       0x40 ./SDK/platform/drivers/src/ftm/ftm_pwm_driver.o
 .text.FTM_DRV_GetDualChnMofCombineCmd
                0x0000ec84       0x40 ./SDK/platform/drivers/src/ftm/ftm_pwm_driver.o
 .text.FTM_DRV_SetDeadtimePrescale
                0x0000ecc4       0x2c ./SDK/platform/drivers/src/ftm/ftm_pwm_driver.o
 .text.FTM_DRV_SetDeadtimeCount
                0x0000ecf0       0x3a ./SDK/platform/drivers/src/ftm/ftm_pwm_driver.o
 .text.FTM_DRV_SetFaultInputFilterVal
                0x0000ed2a       0x2c ./SDK/platform/drivers/src/ftm/ftm_pwm_driver.o
 .text.FTM_DRV_SetFaultInputFilterCmd
                0x0000ed56       0x5c ./SDK/platform/drivers/src/ftm/ftm_pwm_driver.o
 .text.FTM_DRV_SetFaultInputCmd
                0x0000edb2       0x58 ./SDK/platform/drivers/src/ftm/ftm_pwm_driver.o
 .text.FTM_DRV_SetPwmFaultBehavior
                0x0000ee0a       0x38 ./SDK/platform/drivers/src/ftm/ftm_pwm_driver.o
 *fill*         0x0000ee42        0x2 
 .text.FTM_DRV_InitPwmIndependentChannel
                0x0000ee44      0x234 ./SDK/platform/drivers/src/ftm/ftm_pwm_driver.o
 .text.FTM_DRV_InitPwmCombinedChannel
                0x0000f078      0x28c ./SDK/platform/drivers/src/ftm/ftm_pwm_driver.o
 .text.FTM_DRV_InitPwmDutyCycleChannel
                0x0000f304       0xc6 ./SDK/platform/drivers/src/ftm/ftm_pwm_driver.o
 *fill*         0x0000f3ca        0x2 
 .text.FTM_DRV_InitPwm
                0x0000f3cc      0x22c ./SDK/platform/drivers/src/ftm/ftm_pwm_driver.o
                0x0000f3cc                FTM_DRV_InitPwm
 .text.FTM_DRV_UpdatePwmChannel
                0x0000f5f8      0x1b0 ./SDK/platform/drivers/src/ftm/ftm_pwm_driver.o
                0x0000f5f8                FTM_DRV_UpdatePwmChannel
 .text.DevAssert
                0x0000f7a8       0x22 ./SDK/platform/drivers/src/ftm/ftm_oc_driver.o
 .text.FTM_DRV_GetCounter
                0x0000f7ca       0x1a ./SDK/platform/drivers/src/ftm/ftm_oc_driver.o
 .text.FTM_DRV_GetMod
                0x0000f7e4       0x1a ./SDK/platform/drivers/src/ftm/ftm_oc_driver.o
 .text.FTM_DRV_SetClockSource
                0x0000f7fe       0x2e ./SDK/platform/drivers/src/ftm/ftm_oc_driver.o
 .text.FTM_DRV_EnablePwmChannelOutputs
                0x0000f82c       0x2a ./SDK/platform/drivers/src/ftm/ftm_oc_driver.o
 .text.FTM_DRV_ClearTimerOverflow
                0x0000f856       0x24 ./SDK/platform/drivers/src/ftm/ftm_oc_driver.o
 .text.FTM_DRV_SetCpwms
                0x0000f87a       0x2e ./SDK/platform/drivers/src/ftm/ftm_oc_driver.o
 .text.FTM_DRV_SetCounter
                0x0000f8a8       0x28 ./SDK/platform/drivers/src/ftm/ftm_oc_driver.o
 .text.FTM_DRV_SetMod
                0x0000f8d0       0x28 ./SDK/platform/drivers/src/ftm/ftm_oc_driver.o
 .text.FTM_DRV_SetCounterInitVal
                0x0000f8f8       0x28 ./SDK/platform/drivers/src/ftm/ftm_oc_driver.o
 .text.FTM_DRV_SetChnMSnBAMode
                0x0000f920       0x78 ./SDK/platform/drivers/src/ftm/ftm_oc_driver.o
 .text.FTM_DRV_SetChnEdgeLevel
                0x0000f998       0x78 ./SDK/platform/drivers/src/ftm/ftm_oc_driver.o
 .text.FTM_DRV_SetChnCountVal
                0x0000fa10       0x38 ./SDK/platform/drivers/src/ftm/ftm_oc_driver.o
 .text.FTM_DRV_SetSoftwareTriggerCmd
                0x0000fa48       0x2c ./SDK/platform/drivers/src/ftm/ftm_oc_driver.o
 .text.FTM_DRV_SetDualChnMofCombineCmd
                0x0000fa74       0x5c ./SDK/platform/drivers/src/ftm/ftm_oc_driver.o
 .text.FTM_DRV_SetDualEdgeCaptureCmd
                0x0000fad0       0x5c ./SDK/platform/drivers/src/ftm/ftm_oc_driver.o
 .text.FTM_DRV_SetDualChnCombineCmd
                0x0000fb2c       0x5c ./SDK/platform/drivers/src/ftm/ftm_oc_driver.o
 .text.FTM_DRV_SetQuadDecoderCmd
                0x0000fb88       0x40 ./SDK/platform/drivers/src/ftm/ftm_oc_driver.o
 .text.FTM_DRV_InitOutputCompare
                0x0000fbc8      0x190 ./SDK/platform/drivers/src/ftm/ftm_oc_driver.o
                0x0000fbc8                FTM_DRV_InitOutputCompare
 .text.FTM_DRV_UpdateOutputCompareChannel
                0x0000fd58       0xe0 ./SDK/platform/drivers/src/ftm/ftm_oc_driver.o
                0x0000fd58                FTM_DRV_UpdateOutputCompareChannel
 .text.DevAssert
                0x0000fe38       0x22 ./SDK/platform/drivers/src/ftm/ftm_ic_driver.o
 .text.FTM_DRV_GetMod
                0x0000fe5a       0x1a ./SDK/platform/drivers/src/ftm/ftm_ic_driver.o
 .text.FTM_DRV_GetChnCountVal
                0x0000fe74       0x34 ./SDK/platform/drivers/src/ftm/ftm_ic_driver.o
 .text.FTM_DRV_SetClockSource
                0x0000fea8       0x2e ./SDK/platform/drivers/src/ftm/ftm_ic_driver.o
 .text.FTM_DRV_SetCpwms
                0x0000fed6       0x2e ./SDK/platform/drivers/src/ftm/ftm_ic_driver.o
 .text.FTM_DRV_SetMod
                0x0000ff04       0x28 ./SDK/platform/drivers/src/ftm/ftm_ic_driver.o
 .text.FTM_DRV_SetCounterInitVal
                0x0000ff2c       0x28 ./SDK/platform/drivers/src/ftm/ftm_ic_driver.o
 .text.FTM_DRV_SetChnMSnBAMode
                0x0000ff54       0x78 ./SDK/platform/drivers/src/ftm/ftm_ic_driver.o
 .text.FTM_DRV_SetChnEdgeLevel
                0x0000ffcc       0x78 ./SDK/platform/drivers/src/ftm/ftm_ic_driver.o
 .text.FTM_DRV_EnableChnInt
                0x00010044       0x42 ./SDK/platform/drivers/src/ftm/ftm_ic_driver.o
 .text.FTM_DRV_DisableChnInt
                0x00010086       0x42 ./SDK/platform/drivers/src/ftm/ftm_ic_driver.o
 .text.FTM_DRV_ClearChnEventFlag
                0x000100c8       0x4e ./SDK/platform/drivers/src/ftm/ftm_ic_driver.o
 .text.FTM_DRV_HasChnEventOccurred
                0x00010116       0x40 ./SDK/platform/drivers/src/ftm/ftm_ic_driver.o
 .text.FTM_DRV_SetDualChnMofCombineCmd
                0x00010156       0x5c ./SDK/platform/drivers/src/ftm/ftm_ic_driver.o
 .text.FTM_DRV_SetDualChnDecapCmd
                0x000101b2       0x5c ./SDK/platform/drivers/src/ftm/ftm_ic_driver.o
 .text.FTM_DRV_SetDualEdgeCaptureCmd
                0x0001020e       0x5c ./SDK/platform/drivers/src/ftm/ftm_ic_driver.o
 .text.FTM_DRV_GetDualEdgeCaptureBit
                0x0001026a       0x40 ./SDK/platform/drivers/src/ftm/ftm_ic_driver.o
 .text.FTM_DRV_SetDualChnCombineCmd
                0x000102aa       0x5c ./SDK/platform/drivers/src/ftm/ftm_ic_driver.o
 *fill*         0x00010306        0x2 
 .text.FTM_DRV_InitMeasurement
                0x00010308      0x13c ./SDK/platform/drivers/src/ftm/ftm_ic_driver.o
 .text.FTM_DRV_InitInputCapture
                0x00010444      0x218 ./SDK/platform/drivers/src/ftm/ftm_ic_driver.o
                0x00010444                FTM_DRV_InitInputCapture
 .text.FTM_IC_DRV_SetChannelMode
                0x0001065c      0x164 ./SDK/platform/drivers/src/ftm/ftm_ic_driver.o
                0x0001065c                FTM_IC_DRV_SetChannelMode
 .text.FTM0_Ch0_Ch1_IRQHandler
                0x000107c0       0x10 ./SDK/platform/drivers/src/ftm/ftm_ic_driver.o
                0x000107c0                FTM0_Ch0_Ch1_IRQHandler
 .text.FTM0_Ch2_Ch3_IRQHandler
                0x000107d0       0x10 ./SDK/platform/drivers/src/ftm/ftm_ic_driver.o
                0x000107d0                FTM0_Ch2_Ch3_IRQHandler
 .text.FTM0_Ch4_Ch5_IRQHandler
                0x000107e0       0x10 ./SDK/platform/drivers/src/ftm/ftm_ic_driver.o
                0x000107e0                FTM0_Ch4_Ch5_IRQHandler
 .text.FTM0_Ch6_Ch7_IRQHandler
                0x000107f0       0x10 ./SDK/platform/drivers/src/ftm/ftm_ic_driver.o
                0x000107f0                FTM0_Ch6_Ch7_IRQHandler
 .text.FTM1_Ch0_Ch1_IRQHandler
                0x00010800       0x10 ./SDK/platform/drivers/src/ftm/ftm_ic_driver.o
                0x00010800                FTM1_Ch0_Ch1_IRQHandler
 .text.FTM1_Ch2_Ch3_IRQHandler
                0x00010810       0x10 ./SDK/platform/drivers/src/ftm/ftm_ic_driver.o
                0x00010810                FTM1_Ch2_Ch3_IRQHandler
 .text.FTM1_Ch4_Ch5_IRQHandler
                0x00010820       0x10 ./SDK/platform/drivers/src/ftm/ftm_ic_driver.o
                0x00010820                FTM1_Ch4_Ch5_IRQHandler
 .text.FTM1_Ch6_Ch7_IRQHandler
                0x00010830       0x10 ./SDK/platform/drivers/src/ftm/ftm_ic_driver.o
                0x00010830                FTM1_Ch6_Ch7_IRQHandler
 .text.FTM2_Ch0_Ch1_IRQHandler
                0x00010840       0x10 ./SDK/platform/drivers/src/ftm/ftm_ic_driver.o
                0x00010840                FTM2_Ch0_Ch1_IRQHandler
 .text.FTM2_Ch2_Ch3_IRQHandler
                0x00010850       0x10 ./SDK/platform/drivers/src/ftm/ftm_ic_driver.o
                0x00010850                FTM2_Ch2_Ch3_IRQHandler
 .text.FTM2_Ch4_Ch5_IRQHandler
                0x00010860       0x10 ./SDK/platform/drivers/src/ftm/ftm_ic_driver.o
                0x00010860                FTM2_Ch4_Ch5_IRQHandler
 .text.FTM2_Ch6_Ch7_IRQHandler
                0x00010870       0x10 ./SDK/platform/drivers/src/ftm/ftm_ic_driver.o
                0x00010870                FTM2_Ch6_Ch7_IRQHandler
 .text.FTM3_Ch0_Ch1_IRQHandler
                0x00010880       0x10 ./SDK/platform/drivers/src/ftm/ftm_ic_driver.o
                0x00010880                FTM3_Ch0_Ch1_IRQHandler
 .text.FTM3_Ch2_Ch3_IRQHandler
                0x00010890       0x10 ./SDK/platform/drivers/src/ftm/ftm_ic_driver.o
                0x00010890                FTM3_Ch2_Ch3_IRQHandler
 .text.FTM3_Ch4_Ch5_IRQHandler
                0x000108a0       0x10 ./SDK/platform/drivers/src/ftm/ftm_ic_driver.o