###############################################################################
#
# IAR ELF Linker V8.50.1.245/W32 for ARM                  16/Aug/2022  15:41:01
# Copyright 2007-2020 IAR Systems AB.
#
#    Output file  =
#        E:\S32K144_Development\7、GD32F303\U2\GD32F303_IMSU_X_U2\Debug\Exe\GD32F303_IMSU_X_U2.out
#    Map file     =
#        E:\S32K144_Development\7、GD32F303\U2\GD32F303_IMSU_X_U2\Debug\List\GD32F303_IMSU_X_U2.map
#    Command line =
#        -f C:\Users\zsy342\AppData\Local\Temp\EW1156.tmp
#        (E:\S32K144_Development\7、GD32F303\U2\GD32F303_IMSU_X_U2\Debug\Obj\BSP.o
#        E:\S32K144_Development\7、GD32F303\U2\GD32F303_IMSU_X_U2\Debug\Obj\Calibration.o
#        E:\S32K144_Development\7、GD32F303\U2\GD32F303_IMSU_X_U2\Debug\Obj\can.o
#        E:\S32K144_Development\7、GD32F303\U2\GD32F303_IMSU_X_U2\Debug\Obj\EEPROM.o
#        E:\S32K144_Development\7、GD32F303\U2\GD32F303_IMSU_X_U2\Debug\Obj\gd32f30x_adc.o
#        E:\S32K144_Development\7、GD32F303\U2\GD32F303_IMSU_X_U2\Debug\Obj\gd32f30x_bkp.o
#        E:\S32K144_Development\7、GD32F303\U2\GD32F303_IMSU_X_U2\Debug\Obj\gd32f30x_can.o
#        E:\S32K144_Development\7、GD32F303\U2\GD32F303_IMSU_X_U2\Debug\Obj\gd32f30x_crc.o
#        E:\S32K144_Development\7、GD32F303\U2\GD32F303_IMSU_X_U2\Debug\Obj\gd32f30x_ctc.o
#        E:\S32K144_Development\7、GD32F303\U2\GD32F303_IMSU_X_U2\Debug\Obj\gd32f30x_dac.o
#        E:\S32K144_Development\7、GD32F303\U2\GD32F303_IMSU_X_U2\Debug\Obj\gd32f30x_dbg.o
#        E:\S32K144_Development\7、GD32F303\U2\GD32F303_IMSU_X_U2\Debug\Obj\gd32f30x_dma.o
#        E:\S32K144_Development\7、GD32F303\U2\GD32F303_IMSU_X_U2\Debug\Obj\gd32f30x_enet.o
#        E:\S32K144_Development\7、GD32F303\U2\GD32F303_IMSU_X_U2\Debug\Obj\gd32f30x_exmc.o
#        E:\S32K144_Development\7、GD32F303\U2\GD32F303_IMSU_X_U2\Debug\Obj\gd32f30x_exti.o
#        E:\S32K144_Development\7、GD32F303\U2\GD32F303_IMSU_X_U2\Debug\Obj\gd32f30x_fmc.o
#        E:\S32K144_Development\7、GD32F303\U2\GD32F303_IMSU_X_U2\Debug\Obj\gd32f30x_fwdgt.o
#        E:\S32K144_Development\7、GD32F303\U2\GD32F303_IMSU_X_U2\Debug\Obj\gd32f30x_gpio.o
#        E:\S32K144_Development\7、GD32F303\U2\GD32F303_IMSU_X_U2\Debug\Obj\gd32f30x_i2c.o
#        E:\S32K144_Development\7、GD32F303\U2\GD32F303_IMSU_X_U2\Debug\Obj\gd32f30x_it.o
#        E:\S32K144_Development\7、GD32F303\U2\GD32F303_IMSU_X_U2\Debug\Obj\gd32f30x_misc.o
#        E:\S32K144_Development\7、GD32F303\U2\GD32F303_IMSU_X_U2\Debug\Obj\gd32f30x_pmu.o
#        E:\S32K144_Development\7、GD32F303\U2\GD32F303_IMSU_X_U2\Debug\Obj\gd32f30x_rcu.o
#        E:\S32K144_Development\7、GD32F303\U2\GD32F303_IMSU_X_U2\Debug\Obj\gd32f30x_rtc.o
#        E:\S32K144_Development\7、GD32F303\U2\GD32F303_IMSU_X_U2\Debug\Obj\gd32f30x_sdio.o
#        E:\S32K144_Development\7、GD32F303\U2\GD32F303_IMSU_X_U2\Debug\Obj\gd32f30x_spi.o
#        E:\S32K144_Development\7、GD32F303\U2\GD32F303_IMSU_X_U2\Debug\Obj\gd32f30x_timer.o
#        E:\S32K144_Development\7、GD32F303\U2\GD32F303_IMSU_X_U2\Debug\Obj\gd32f30x_usart.o
#        E:\S32K144_Development\7、GD32F303\U2\GD32F303_IMSU_X_U2\Debug\Obj\gd32f30x_wwdgt.o
#        E:\S32K144_Development\7、GD32F303\U2\GD32F303_IMSU_X_U2\Debug\Obj\I2C.o
#        E:\S32K144_Development\7、GD32F303\U2\GD32F303_IMSU_X_U2\Debug\Obj\main.o
#        E:\S32K144_Development\7、GD32F303\U2\GD32F303_IMSU_X_U2\Debug\Obj\startup_gd32f30x_hd.o
#        E:\S32K144_Development\7、GD32F303\U2\GD32F303_IMSU_X_U2\Debug\Obj\system_gd32f30x.o
#        E:\S32K144_Development\7、GD32F303\U2\GD32F303_IMSU_X_U2\Debug\Obj\systick.o
#        --no_out_extension -o
#        E:\S32K144_Development\7、GD32F303\U2\GD32F303_IMSU_X_U2\Debug\Exe\GD32F303_IMSU_X_U2.out
#        --map
#        E:\S32K144_Development\7、GD32F303\U2\GD32F303_IMSU_X_U2\Debug\List\GD32F303_IMSU_X_U2.map
#        --config "C:\Program Files (x86)\IAR Systems\Embedded Workbench
#        8.4\arm\config\linker\GD\GD32F303xC.icf" --semihosting --entry
#        __iar_program_start --vfe --text_out locale)
#
###############################################################################

*******************************************************************************
*** RUNTIME MODEL ATTRIBUTES
***

CppFlavor       = *
__SystemLibrary = DLib
__dlib_version  = 6


*******************************************************************************
*** HEAP SELECTION
***

The basic heap was selected because no calls to memory allocation
functions were found in the application outside of system library
functions, and there are calls to deallocation functions in the
application.


*******************************************************************************
*** PLACEMENT SUMMARY
***

"A0":  place at address 0x800'0000 { ro section .intvec };
"P1":  place in [from 0x800'0000 to 0x803'ffff] { ro };
define block CSTACK with size = 8K, alignment = 8 { };
define block HEAP with size = 8K, alignment = 8 { };
"P2":  place in [from 0x2000'0000 to 0x2000'bfff] {
          rw, block CSTACK, block HEAP };

  Section          Kind         Address    Size  Object
  -------          ----         -------    ----  ------
"A0":                                     0x130
  .intvec          ro code   0x800'0000   0x130  startup_gd32f30x_hd.o [1]
                           - 0x800'0130   0x130

"P1":                                    0x3dcc
  .text            ro code   0x800'0130   0xb50  EEPROM.o [1]
  .text            ro code   0x800'0c80   0x1ac  gd32f30x_gpio.o [1]
  .text            ro code   0x800'0e2c   0x2c0  gd32f30x_i2c.o [1]
  .text            ro code   0x800'10ec   0x214  gd32f30x_dma.o [1]
  .text            ro code   0x800'1300    0x4c  I2C.o [1]
  .text            ro code   0x800'134c   0x198  gd32f30x_rcu.o [1]
  .text            ro code   0x800'14e4    0x86  ABImemcpy.o [4]
  .text            ro code   0x800'156a    0x3a  zero_init3.o [4]
  .text            ro code   0x800'15a4   0x728  can.o [1]
  .text            ro code   0x800'1ccc   0x5ac  gd32f30x_can.o [1]
  .text            ro code   0x800'2278    0xc4  gd32f30x_misc.o [1]
  .text            ro code   0x800'233c   0x1a4  main.o [1]
  .text            ro code   0x800'24e0    0x1c  U32ToFlt.o [3]
  .text            ro code   0x800'24fc   0x5f0  BSP.o [1]
  .text            ro code   0x800'2aec   0x574  Calibration.o [1]
  .text            ro code   0x800'3060    0x88  gd32f30x_fwdgt.o [1]
  .text            ro code   0x800'30e8    0x80  FltSub.o [3]
  .text            ro code   0x800'3168    0x24  FltCmpLe.o [3]
  .text            ro code   0x800'318c    0x24  FltCmpGe.o [3]
  .text            ro code   0x800'31b0   0x6a8  gd32f30x_timer.o [1]
  .text            ro code   0x800'3858    0xd8  FltMul.o [3]
  .text            ro code   0x800'3930    0xe2  FltAdd.o [3]
  .text            ro code   0x800'3a14    0xfc  FltDiv.o [3]
  .text            ro code   0x800'3b10   0x140  system_gd32f30x.o [1]
  .text            ro code   0x800'3c50    0xf4  gd32f30x_it.o [1]
  .text            ro code   0x800'3d44    0x18  systick.o [1]
  .text            ro code   0x800'3d5c    0x28  data_init.o [4]
  .iar.init_table  const     0x800'3d84    0x10  - Linker created -
  .text            ro code   0x800'3d94    0x1e  cmain.o [4]
  .text            ro code   0x800'3db2     0x4  low_level_init.o [2]
  .text            ro code   0x800'3db6     0x4  exit.o [2]
  .text            ro code   0x800'3dbc     0xa  cexit.o [4]
  .text            ro code   0x800'3dc8    0x14  exit.o [5]
  .rodata          const     0x800'3ddc    0x10  gd32f30x_rcu.o [1]
  .text            ro code   0x800'3dec    0x10  startup_gd32f30x_hd.o [1]
  .text            ro code   0x800'3dfc     0xc  cstartup_M.o [4]
  .rodata          const     0x800'3e08     0x8  gd32f30x_rcu.o [1]
  .rodata          const     0x800'3e10     0x8  gd32f30x_rcu.o [1]
  .rodata          const     0x800'3e18     0x4  main.o [1]
  .text            ro code   0x800'3e1c     0x4  startup_gd32f30x_hd.o [1]
  .text            ro code   0x800'3e20     0x4  startup_gd32f30x_hd.o [1]
  .text            ro code   0x800'3e24     0x4  startup_gd32f30x_hd.o [1]
  .text            ro code   0x800'3e28     0x4  startup_gd32f30x_hd.o [1]
  .text            ro code   0x800'3e2c     0x4  startup_gd32f30x_hd.o [1]
  .text            ro code   0x800'3e30     0x4  startup_gd32f30x_hd.o [1]
  .text            ro code   0x800'3e34     0x4  startup_gd32f30x_hd.o [1]
  .text            ro code   0x800'3e38     0x4  startup_gd32f30x_hd.o [1]
  .text            ro code   0x800'3e3c     0x4  startup_gd32f30x_hd.o [1]
  .text            ro code   0x800'3e40     0x4  startup_gd32f30x_hd.o [1]
  .text            ro code   0x800'3e44     0x4  startup_gd32f30x_hd.o [1]
  .text            ro code   0x800'3e48     0x4  startup_gd32f30x_hd.o [1]
  .text            ro code   0x800'3e4c     0x4  startup_gd32f30x_hd.o [1]
  .text            ro code   0x800'3e50     0x4  startup_gd32f30x_hd.o [1]
  .text            ro code   0x800'3e54     0x4  startup_gd32f30x_hd.o [1]
  .text            ro code   0x800'3e58     0x4  startup_gd32f30x_hd.o [1]
  .text            ro code   0x800'3e5c     0x4  startup_gd32f30x_hd.o [1]
  .text            ro code   0x800'3e60     0x4  startup_gd32f30x_hd.o [1]
  .text            ro code   0x800'3e64     0x4  startup_gd32f30x_hd.o [1]
  .text            ro code   0x800'3e68     0x4  startup_gd32f30x_hd.o [1]
  .text            ro code   0x800'3e6c     0x4  startup_gd32f30x_hd.o [1]
  .text            ro code   0x800'3e70     0x4  startup_gd32f30x_hd.o [1]
  .text            ro code   0x800'3e74     0x4  startup_gd32f30x_hd.o [1]
  .text            ro code   0x800'3e78     0x4  startup_gd32f30x_hd.o [1]
  .text            ro code   0x800'3e7c     0x4  startup_gd32f30x_hd.o [1]
  .text            ro code   0x800'3e80     0x4  startup_gd32f30x_hd.o [1]
  .text            ro code   0x800'3e84     0x4  startup_gd32f30x_hd.o [1]
  .text            ro code   0x800'3e88     0x4  startup_gd32f30x_hd.o [1]
  .text            ro code   0x800'3e8c     0x4  startup_gd32f30x_hd.o [1]
  .text            ro code   0x800'3e90     0x4  startup_gd32f30x_hd.o [1]
  .text            ro code   0x800'3e94     0x4  startup_gd32f30x_hd.o [1]
  .text            ro code   0x800'3e98     0x4  startup_gd32f30x_hd.o [1]
  .text            ro code   0x800'3e9c     0x4  startup_gd32f30x_hd.o [1]
  .text            ro code   0x800'3ea0     0x4  startup_gd32f30x_hd.o [1]
  .text            ro code   0x800'3ea4     0x4  startup_gd32f30x_hd.o [1]
  .text            ro code   0x800'3ea8     0x4  startup_gd32f30x_hd.o [1]
  .text            ro code   0x800'3eac     0x4  startup_gd32f30x_hd.o [1]
  .text            ro code   0x800'3eb0     0x4  startup_gd32f30x_hd.o [1]
  .text            ro code   0x800'3eb4     0x4  startup_gd32f30x_hd.o [1]
  .text            ro code   0x800'3eb8     0x4  startup_gd32f30x_hd.o [1]
  .text            ro code   0x800'3ebc     0x4  startup_gd32f30x_hd.o [1]
  .text            ro code   0x800'3ec0     0x4  startup_gd32f30x_hd.o [1]
  .text            ro code   0x800'3ec4     0x4  startup_gd32f30x_hd.o [1]
  .text            ro code   0x800'3ec8     0x4  startup_gd32f30x_hd.o [1]
  .text            ro code   0x800'3ecc     0x4  startup_gd32f30x_hd.o [1]
  .text            ro code   0x800'3ed0     0x4  startup_gd32f30x_hd.o [1]
  .text            ro code   0x800'3ed4     0x4  startup_gd32f30x_hd.o [1]
  .text            ro code   0x800'3ed8     0x4  startup_gd32f30x_hd.o [1]
  .text            ro code   0x800'3edc     0x4  startup_gd32f30x_hd.o [1]
  .text            ro code   0x800'3ee0     0x4  startup_gd32f30x_hd.o [1]
  .text            ro code   0x800'3ee4     0x4  startup_gd32f30x_hd.o [1]
  .text            ro code   0x800'3ee8     0x4  startup_gd32f30x_hd.o [1]
  .text            ro code   0x800'3eec     0x4  startup_gd32f30x_hd.o [1]
  .text            ro code   0x800'3ef0     0x4  startup_gd32f30x_hd.o [1]
  .text            ro code   0x800'3ef4     0x4  startup_gd32f30x_hd.o [1]
  .text            ro code   0x800'3ef8     0x4  startup_gd32f30x_hd.o [1]
  .rodata          const     0x800'3efc     0x0  zero_init3.o [4]
                           - 0x800'3efc  0x3dcc

"P2", part 1 of 2:                        0x788
  .bss             zero     0x2000'0000   0x200  EEPROM.o [1]
  .bss             zero     0x2000'0200   0x200  EEPROM.o [1]
  .bss             zero     0x2000'0400   0x1e0  can.o [1]
  .bss             zero     0x2000'05e0    0xc8  BSP.o [1]
  .bss             zero     0x2000'06a8    0x5c  main.o [1]
  .bss             zero     0x2000'0704    0x14  can.o [1]
  .bss             zero     0x2000'0718    0x10  BSP.o [1]
  .bss             zero     0x2000'0728    0x10  Calibration.o [1]
  .bss             zero     0x2000'0738    0x10  Calibration.o [1]
  .bss             zero     0x2000'0748     0x8  BSP.o [1]
  .bss             zero     0x2000'0750     0x8  Calibration.o [1]
  .bss             zero     0x2000'0758     0x8  Calibration.o [1]
  .bss             zero     0x2000'0760     0x8  can.o [1]
  .bss             zero     0x2000'0768     0x8  main.o [1]
  .bss             zero     0x2000'0770     0x8  main.o [1]
  .bss             zero     0x2000'0778     0x4  Calibration.o [1]
  .bss             zero     0x2000'077c     0x4  systick.o [1]
  .bss             zero     0x2000'0780     0x2  BSP.o [1]
  .bss             zero     0x2000'0782     0x2  Calibration.o [1]
  .bss             zero     0x2000'0784     0x1  can.o [1]
  .bss             zero     0x2000'0785     0x1  can.o [1]
  .bss             zero     0x2000'0786     0x1  can.o [1]
                          - 0x2000'0787   0x787

"P2", part 2 of 2:                       0x2000
  CSTACK                    0x2000'0788  0x2000  <Block>
    CSTACK         uninit   0x2000'0788  0x2000  <Block tail>
                          - 0x2000'2788  0x2000

Unused ranges:

         From           To      Size
         ----           --      ----
   0x800'3efc   0x803'ffff  0x3'c104
  0x2000'2788  0x2000'bfff    0x9878


*******************************************************************************
*** INIT TABLE
***

          Address      Size
          -------      ----
Zero (__iar_zero_init3)
    1 destination range, total size 0x787:
          0x2000'0000  0x787



*******************************************************************************
*** MODULE SUMMARY
***

    Module                 ro code  ro data  rw data
    ------                 -------  -------  -------
command line/config:
    ------------------------------------------------
    Total:

E:\S32K144_Development\7、GD32F303\U2\GD32F303_IMSU_X_U2\Debug\Obj: [1]
    BSP.o                    1'520               226
    Calibration.o            1'396                54
    EEPROM.o                 2'896             1'024
    I2C.o                       76
    can.o                    1'832               511
    gd32f30x_can.o           1'452
    gd32f30x_dma.o             532
    gd32f30x_fwdgt.o           136
    gd32f30x_gpio.o            428
    gd32f30x_i2c.o             704
    gd32f30x_it.o              244
    gd32f30x_misc.o            196
    gd32f30x_rcu.o             408       32
    gd32f30x_timer.o         1'704
    main.o                     420        4      108
    startup_gd32f30x_hd.o      544
    system_gd32f30x.o          320
    systick.o                   24                 4
    ------------------------------------------------
    Total:                  14'832       36    1'927

dl7M_tln.a: [2]
    exit.o                       4
    low_level_init.o             4
    ------------------------------------------------
    Total:                       8

m7M_tl.a: [3]
    FltAdd.o                   226
    FltCmpGe.o                  36
    FltCmpLe.o                  36
    FltDiv.o                   252
    FltMul.o                   216
    FltSub.o                   128
    U32ToFlt.o                  28
    ------------------------------------------------
    Total:                     922

rt7M_tl.a: [4]
    ABImemcpy.o                134
    cexit.o                     10
    cmain.o                     30
    cstartup_M.o                12
    data_init.o                 40
    zero_init3.o                58
    ------------------------------------------------
    Total:                     284

shb_l.a: [5]
    exit.o                      20
    ------------------------------------------------
    Total:                      20

    Gaps                         6
    Linker created                       16    8'192
----------------------------------------------------
    Grand Total:            16'072       52   10'119


*******************************************************************************
*** ENTRY LIST
***

Entry                       Address   Size  Type      Object
-----                       -------   ----  ----      ------
.iar.init_table$$Base    0x800'3d84          --   Gb  - Linker created -
.iar.init_table$$Limit   0x800'3d94          --   Gb  - Linker created -
?main                    0x800'3d95         Code  Gb  cmain.o [4]
BSP_Addr_Task            0x800'2847   0xb4  Code  Gb  BSP.o [1]
BSP_CAN_Init             0x800'15a5  0x122  Code  Gb  can.o [1]
BSP_Clock_Init           0x800'2521   0x2c  Code  Gb  BSP.o [1]
BSP_Fwdg_Init            0x800'2835   0x12  Code  Gb  BSP.o [1]
BSP_GPIO_Init            0x800'254d   0x8a  Code  Gb  BSP.o [1]
BSP_GPIO_Task            0x800'2941  0x16e  Code  Gb  BSP.o [1]
BSP_I2C_Init             0x800'1301   0x4c  Code  Gb  I2C.o [1]
BSP_Init                 0x800'24fd   0x18  Code  Gb  BSP.o [1]
BSP_Task                 0x800'2515    0xc  Code  Gb  BSP.o [1]
BSP_TimerConfig          0x800'25d7  0x242  Code  Gb  BSP.o [1]
BSP_Timer_Init           0x800'2819   0x1c  Code  Gb  BSP.o [1]
BSP_data_init            0x800'2455   0x6e  Code  Gb  main.o [1]
BusFault_Handler         0x800'3c57    0x2  Code  Gb  gd32f30x_it.o [1]
CAN0_RX1_IRQHandler      0x800'3caf   0x72  Code  Gb  gd32f30x_it.o [1]
CSTACK$$Base            0x2000'0788          --   Gb  - Linker created -
CSTACK$$Limit           0x2000'2788          --   Gb  - Linker created -
Calibration_SumTimer    0x2000'0728   0x10  Data  Gb  Calibration.o [1]
Calibration_Task         0x800'2aed   0x10  Code  Gb  Calibration.o [1]
Calibration_Timeout     0x2000'0738   0x10  Data  Gb  Calibration.o [1]
Calibration_Volt         0x800'2afd  0x53a  Code  Gb  Calibration.o [1]
Calibration_Volt::Cnt   0x2000'0778    0x4  Data  Lc  Calibration.o [1]
Calibration_Volt::NumComm
                        0x2000'0758    0x8  Data  Lc  Calibration.o [1]
Calibration_Volt::NumSample
                        0x2000'0750    0x8  Data  Lc  Calibration.o [1]
Calibration_Volt::steplast
                        0x2000'0782    0x2  Data  Lc  Calibration.o [1]
CanMessage_Analysis      0x800'1831  0x424  Code  Gb  can.o [1]
CanSendTimer            0x2000'0760    0x8  Data  Gb  can.o [1]
Can_ReadMessage          0x800'1c55   0x38  Code  Gb  can.o [1]
Can_SendCalibrationResult
                         0x800'17cf   0x62  Code  Gb  can.o [1]
Can_Task                 0x800'16c7  0x108  Code  Gb  can.o [1]
DebugMon_Handler         0x800'3c5d    0x2  Code  Gb  gd32f30x_it.o [1]
EEPROM_ReadBuf          0x2000'0000  0x200  Data  Gb  EEPROM.o [1]
EEPROM_WriteBuf         0x2000'0200  0x200  Data  Gb  EEPROM.o [1]
EEPROM_configure_load    0x800'0b25  0x132  Code  Gb  EEPROM.o [1]
EEPROM_load              0x800'0243  0x32a  Code  Gb  EEPROM.o [1]
EEPROM_set_default_configuration
                         0x800'09e1  0x144  Code  Gb  EEPROM.o [1]
EEPROM_wait_standby      0x800'089b  0x146  Code  Gb  EEPROM.o [1]
EEPROM_write             0x800'0131  0x112  Code  Gb  EEPROM.o [1]
EEPROM_write_page        0x800'05cf  0x2cc  Code  Gb  EEPROM.o [1]
Freq_AverageCalculation
                         0x800'28fb   0x46  Code  Gb  BSP.o [1]
HardFault_Handler        0x800'3c53    0x2  Code  Gb  gd32f30x_it.o [1]
LEDTimer                0x2000'0770    0x8  Data  Gb  main.o [1]
L_hal_data              0x2000'06a8   0x5c  Data  Gb  main.o [1]
MemManage_Handler        0x800'3c55    0x2  Code  Gb  gd32f30x_it.o [1]
NMI_Handler              0x800'3c51    0x2  Code  Gb  gd32f30x_it.o [1]
PendSV_Handler           0x800'3c5f    0x2  Code  Gb  gd32f30x_it.o [1]
Region$$Table$$Base      0x800'3d84          --   Gb  - Linker created -
Region$$Table$$Limit     0x800'3d94          --   Gb  - Linker created -
SVC_Handler              0x800'3c5b    0x2  Code  Gb  gd32f30x_it.o [1]
SysTick_Handler          0x800'3c61    0x8  Code  Gb  gd32f30x_it.o [1]
SystemInit               0x800'3b11   0x5c  Code  Gb  system_gd32f30x.o [1]
TIMER0_TRG_CMT_IRQHandler
                         0x800'3c69   0x14  Code  Gb  gd32f30x_it.o [1]
TIMER1_IRQHandler        0x800'3c7d   0x16  Code  Gb  gd32f30x_it.o [1]
TIMER3_IRQHandler        0x800'3c93   0x1c  Code  Gb  gd32f30x_it.o [1]
Times                   0x2000'0780    0x2  Data  Gb  BSP.o [1]
UsageFault_Handler       0x800'3c59    0x2  Code  Gb  gd32f30x_it.o [1]
VoltSampleBuf           0x2000'05e0   0xc8  Data  Gb  BSP.o [1]
VoltSampleCnt           0x2000'0748    0x8  Data  Gb  BSP.o [1]
VoltSampleTimer         0x2000'0718   0x10  Data  Gb  BSP.o [1]
__ICFEDIT_region_RAM_end__ {Abs}
                        0x2000'bfff         Data  Gb  <internal module>
__ICFEDIT_region_RAM_start__ {Abs}
                        0x2000'0000         Data  Gb  <internal module>
__aeabi_cfcmple          0x800'3169         Code  Gb  FltCmpLe.o [3]
__aeabi_cfrcmple         0x800'318d         Code  Gb  FltCmpGe.o [3]
__aeabi_fadd             0x800'3931         Code  Gb  FltAdd.o [3]
__aeabi_fdiv             0x800'3a15         Code  Gb  FltDiv.o [3]
__aeabi_fmul             0x800'3859         Code  Gb  FltMul.o [3]
__aeabi_fsub             0x800'30e9         Code  Gb  FltSub.o [3]
__aeabi_memcpy4          0x800'14e5         Code  Gb  ABImemcpy.o [4]
__aeabi_memcpy8          0x800'14e5         Code  Gb  ABImemcpy.o [4]
__aeabi_ui2f             0x800'24e1         Code  Gb  U32ToFlt.o [3]
__cmain                  0x800'3d95         Code  Gb  cmain.o [4]
__exit                   0x800'3dc9   0x14  Code  Gb  exit.o [5]
__iar_data_init3         0x800'3d5d   0x28  Code  Gb  data_init.o [4]
__iar_fadd               0x800'30f5         Code  Gb  FltSub.o [3]
__iar_fsub               0x800'393d         Code  Gb  FltAdd.o [3]
__iar_fsubStart          0x800'394d         Code  Gb  FltAdd.o [3]
__iar_program_start      0x800'3dfd         Code  Gb  cstartup_M.o [4]
__iar_zero_init3         0x800'156b   0x3a  Code  Gb  zero_init3.o [4]
__low_level_init         0x800'3db3    0x4  Code  Gb  low_level_init.o [2]
__vector_table           0x800'0000         Data  Gb  startup_gd32f30x_hd.o [1]
_call_main               0x800'3da1         Code  Gb  cmain.o [4]
_exit                    0x800'3dbd         Code  Gb  cexit.o [4]
_main                    0x800'3daf         Code  Gb  cmain.o [4]
can_deinit               0x800'1ccd   0x1c  Code  Gb  gd32f30x_can.o [1]
can_filter_init          0x800'1edb   0xe2  Code  Gb  gd32f30x_can.o [1]
can_init                 0x800'1db9  0x122  Code  Gb  gd32f30x_can.o [1]
can_interrupt_enable     0x800'2249    0xe  Code  Gb  gd32f30x_can.o [1]
can_message_receive      0x800'211d  0x12c  Code  Gb  gd32f30x_can.o [1]
can_message_transmit     0x800'1fbd  0x160  Code  Gb  gd32f30x_can.o [1]
can_struct_para_init     0x800'1ce9   0xd0  Code  Gb  gd32f30x_can.o [1]
coSystemTicksClock      0x2000'0768    0x8  Data  Gb  main.o [1]
coTimeout                0x800'23bf   0x40  Code  Gb  main.o [1]
co_delay_ms              0x800'2411   0x22  Code  Gb  main.o [1]
co_memcpy                0x800'23ff   0x12  Code  Gb  main.o [1]
delay                   0x2000'077c    0x4  Data  Lc  systick.o [1]
delay_decrement          0x800'3d45   0x10  Code  Gb  systick.o [1]
dma_channel_enable       0x800'1299   0x34  Code  Gb  gd32f30x_dma.o [1]
dma_deinit               0x800'10ed   0x80  Code  Gb  gd32f30x_dma.o [1]
dma_flag_get             0x800'12cd   0x16  Code  Gb  gd32f30x_dma.o [1]
dma_init                 0x800'116d  0x12c  Code  Gb  gd32f30x_dma.o [1]
dma_periph_and_channel_check
                         0x800'12e3   0x16  Code  Lc  gd32f30x_dma.o [1]
exit                     0x800'3db7    0x4  Code  Gb  exit.o [2]
fabs                     0x800'2433   0x22  Code  Gb  main.o [1]
fwdgt_config             0x800'3075   0x5e  Code  Gb  gd32f30x_fwdgt.o [1]
fwdgt_counter_reload     0x800'306b    0xa  Code  Gb  gd32f30x_fwdgt.o [1]
fwdgt_enable             0x800'3061    0xa  Code  Gb  gd32f30x_fwdgt.o [1]
gpio_bit_reset           0x800'0d65    0x6  Code  Gb  gd32f30x_gpio.o [1]
gpio_bit_set             0x800'0d5f    0x6  Code  Gb  gd32f30x_gpio.o [1]
gpio_bit_write           0x800'0d6b   0x12  Code  Gb  gd32f30x_gpio.o [1]
gpio_init                0x800'0c81   0xde  Code  Gb  gd32f30x_gpio.o [1]
gpio_input_bit_get       0x800'0d7d   0x10  Code  Gb  gd32f30x_gpio.o [1]
gpio_output_bit_get      0x800'0d8d   0x10  Code  Gb  gd32f30x_gpio.o [1]
gpio_pin_remap_config    0x800'0d9d   0x88  Code  Gb  gd32f30x_gpio.o [1]
hal_data                 0x800'3e18    0x4  Data  Gb  main.o [1]
i2c_ack_config           0x800'0fef   0x18  Code  Gb  gd32f30x_i2c.o [1]
i2c_bus_reset            0x800'056d   0x62  Code  Gb  EEPROM.o [1]
i2c_clock_config         0x800'0e67  0x16c  Code  Gb  gd32f30x_i2c.o [1]
i2c_data_receive         0x800'104d    0x8  Code  Gb  gd32f30x_i2c.o [1]
i2c_data_transmit        0x800'1045    0x8  Code  Gb  gd32f30x_i2c.o [1]
i2c_deinit               0x800'0e2d   0x3a  Code  Gb  gd32f30x_i2c.o [1]
i2c_disable              0x800'1027    0xa  Code  Gb  gd32f30x_i2c.o [1]
i2c_dma_enable           0x800'1055   0x12  Code  Gb  gd32f30x_i2c.o [1]
i2c_dma_last_transfer_config
                         0x800'1067   0x12  Code  Gb  gd32f30x_i2c.o [1]
i2c_enable               0x800'101d    0xa  Code  Gb  gd32f30x_i2c.o [1]
i2c_flag_clear           0x800'1097   0x40  Code  Gb  gd32f30x_i2c.o [1]
i2c_flag_get             0x800'1079   0x1e  Code  Gb  gd32f30x_i2c.o [1]
i2c_master_addressing    0x800'1007   0x16  Code  Gb  gd32f30x_i2c.o [1]
i2c_mode_addr_config     0x800'0fd3   0x1c  Code  Gb  gd32f30x_i2c.o [1]
i2c_start_on_bus         0x800'1031    0xa  Code  Gb  gd32f30x_i2c.o [1]
i2c_stop_on_bus          0x800'103b    0xa  Code  Gb  gd32f30x_i2c.o [1]
main                     0x800'233d   0x82  Code  Gb  main.o [1]
nvic_irq_enable          0x800'2283   0xaa  Code  Gb  gd32f30x_misc.o [1]
nvic_priority_group_set
                         0x800'2279    0xa  Code  Gb  gd32f30x_misc.o [1]
rcu_clock_freq_get       0x800'13bf   0xfe  Code  Gb  gd32f30x_rcu.o [1]
rcu_periph_clock_enable
                         0x800'134d   0x26  Code  Gb  gd32f30x_rcu.o [1]
rcu_periph_reset_disable
                         0x800'1399   0x26  Code  Gb  gd32f30x_rcu.o [1]
rcu_periph_reset_enable
                         0x800'1373   0x26  Code  Gb  gd32f30x_rcu.o [1]
receive_message         0x2000'0704   0x14  Data  Gb  can.o [1]
sRxFrame                0x2000'0400  0x1e0  Data  Gb  can.o [1]
system_clock_120m_16M_hxtal
                         0x800'3b75   0xb8  Code  Lc  system_gd32f30x.o [1]
system_clock_config      0x800'3b6d    0x8  Code  Lc  system_gd32f30x.o [1]
timer_auto_reload_shadow_enable
                         0x800'3349    0xa  Code  Gb  gd32f30x_timer.o [1]
timer_channel_output_config
                         0x800'338f  0x316  Code  Gb  gd32f30x_timer.o [1]
timer_channel_output_mode_config
                         0x800'36c1   0x98  Code  Gb  gd32f30x_timer.o [1]
timer_channel_output_pulse_value_config
                         0x800'3759   0x2c  Code  Gb  gd32f30x_timer.o [1]
timer_channel_output_shadow_config
                         0x800'3785   0x98  Code  Gb  gd32f30x_timer.o [1]
timer_deinit             0x800'31b1   0xd4  Code  Gb  gd32f30x_timer.o [1]
timer_enable             0x800'333f    0xa  Code  Gb  gd32f30x_timer.o [1]
timer_init               0x800'32a1   0x9e  Code  Gb  gd32f30x_timer.o [1]
timer_input_trigger_source_select
                         0x800'381d   0x1e  Code  Gb  gd32f30x_timer.o [1]
timer_interrupt_enable   0x800'3353    0xe  Code  Gb  gd32f30x_timer.o [1]
timer_interrupt_flag_clear
                         0x800'3361    0x8  Code  Gb  gd32f30x_timer.o [1]
timer_primary_output_config
                         0x800'3369   0x26  Code  Gb  gd32f30x_timer.o [1]
timer_slave_mode_select
                         0x800'383b   0x1e  Code  Gb  gd32f30x_timer.o [1]
timer_struct_para_init   0x800'3285   0x1c  Code  Gb  gd32f30x_timer.o [1]
u8RxFrameBufferFreeLength
                        0x2000'0786    0x1  Data  Gb  can.o [1]
u8RxFrameBufferIndex    0x2000'0785    0x1  Data  Gb  can.o [1]
u8RxFrameHeader         0x2000'0784    0x1  Data  Gb  can.o [1]


[1] = E:\S32K144_Development\7、GD32F303\U2\GD32F303_IMSU_X_U2\Debug\Obj
[2] = dl7M_tln.a
[3] = m7M_tl.a
[4] = rt7M_tl.a
[5] = shb_l.a

  16'072 bytes of readonly  code memory
      52 bytes of readonly  data memory
  10'119 bytes of readwrite data memory

Errors: none
Warnings: none
